Archive member included to satisfy reference by file (symbol)

d:/st/stm32cubeide_1.6.1/stm32cubeide/plugins/com.st.stm32cube.ide.mcu.externaltools.gnu-tools-for-stm32.9-2020-q2-update.win32_2.0.0.202105311346/tools/bin/../lib/gcc/arm-none-eabi/9.3.1/../../../../arm-none-eabi/lib/thumb/v7-m/nofp\libc_nano.a(lib_a-errno.o)
                              ./Src/syscalls.o (__errno)
d:/st/stm32cubeide_1.6.1/stm32cubeide/plugins/com.st.stm32cube.ide.mcu.externaltools.gnu-tools-for-stm32.9-2020-q2-update.win32_2.0.0.202105311346/tools/bin/../lib/gcc/arm-none-eabi/9.3.1/../../../../arm-none-eabi/lib/thumb/v7-m/nofp\libc_nano.a(lib_a-exit.o)
                              d:/st/stm32cubeide_1.6.1/stm32cubeide/plugins/com.st.stm32cube.ide.mcu.externaltools.gnu-tools-for-stm32.9-2020-q2-update.win32_2.0.0.202105311346/tools/bin/../lib/gcc/arm-none-eabi/9.3.1/../../../../arm-none-eabi/lib/thumb/v7-m/nofp/crt0.o (exit)
d:/st/stm32cubeide_1.6.1/stm32cubeide/plugins/com.st.stm32cube.ide.mcu.externaltools.gnu-tools-for-stm32.9-2020-q2-update.win32_2.0.0.202105311346/tools/bin/../lib/gcc/arm-none-eabi/9.3.1/../../../../arm-none-eabi/lib/thumb/v7-m/nofp\libc_nano.a(lib_a-impure.o)
                              d:/st/stm32cubeide_1.6.1/stm32cubeide/plugins/com.st.stm32cube.ide.mcu.externaltools.gnu-tools-for-stm32.9-2020-q2-update.win32_2.0.0.202105311346/tools/bin/../lib/gcc/arm-none-eabi/9.3.1/../../../../arm-none-eabi/lib/thumb/v7-m/nofp\libc_nano.a(lib_a-exit.o) (_global_impure_ptr)
d:/st/stm32cubeide_1.6.1/stm32cubeide/plugins/com.st.stm32cube.ide.mcu.externaltools.gnu-tools-for-stm32.9-2020-q2-update.win32_2.0.0.202105311346/tools/bin/../lib/gcc/arm-none-eabi/9.3.1/../../../../arm-none-eabi/lib/thumb/v7-m/nofp\libc_nano.a(lib_a-init.o)
                              d:/st/stm32cubeide_1.6.1/stm32cubeide/plugins/com.st.stm32cube.ide.mcu.externaltools.gnu-tools-for-stm32.9-2020-q2-update.win32_2.0.0.202105311346/tools/bin/../lib/gcc/arm-none-eabi/9.3.1/../../../../arm-none-eabi/lib/thumb/v7-m/nofp/crt0.o (__libc_init_array)
d:/st/stm32cubeide_1.6.1/stm32cubeide/plugins/com.st.stm32cube.ide.mcu.externaltools.gnu-tools-for-stm32.9-2020-q2-update.win32_2.0.0.202105311346/tools/bin/../lib/gcc/arm-none-eabi/9.3.1/../../../../arm-none-eabi/lib/thumb/v7-m/nofp\libc_nano.a(lib_a-memset.o)
                              d:/st/stm32cubeide_1.6.1/stm32cubeide/plugins/com.st.stm32cube.ide.mcu.externaltools.gnu-tools-for-stm32.9-2020-q2-update.win32_2.0.0.202105311346/tools/bin/../lib/gcc/arm-none-eabi/9.3.1/../../../../arm-none-eabi/lib/thumb/v7-m/nofp/crt0.o (memset)
d:/st/stm32cubeide_1.6.1/stm32cubeide/plugins/com.st.stm32cube.ide.mcu.externaltools.gnu-tools-for-stm32.9-2020-q2-update.win32_2.0.0.202105311346/tools/bin/../lib/gcc/arm-none-eabi/9.3.1/../../../../arm-none-eabi/lib/thumb/v7-m/nofp\libc_nano.a(lib_a-sprintf.o)
                              ./Inc/examples/Src/can_example.o (sprintf)
d:/st/stm32cubeide_1.6.1/stm32cubeide/plugins/com.st.stm32cube.ide.mcu.externaltools.gnu-tools-for-stm32.9-2020-q2-update.win32_2.0.0.202105311346/tools/bin/../lib/gcc/arm-none-eabi/9.3.1/../../../../arm-none-eabi/lib/thumb/v7-m/nofp\libc_nano.a(lib_a-nano-svfprintf.o)
                              d:/st/stm32cubeide_1.6.1/stm32cubeide/plugins/com.st.stm32cube.ide.mcu.externaltools.gnu-tools-for-stm32.9-2020-q2-update.win32_2.0.0.202105311346/tools/bin/../lib/gcc/arm-none-eabi/9.3.1/../../../../arm-none-eabi/lib/thumb/v7-m/nofp\libc_nano.a(lib_a-sprintf.o) (_svfprintf_r)
d:/st/stm32cubeide_1.6.1/stm32cubeide/plugins/com.st.stm32cube.ide.mcu.externaltools.gnu-tools-for-stm32.9-2020-q2-update.win32_2.0.0.202105311346/tools/bin/../lib/gcc/arm-none-eabi/9.3.1/../../../../arm-none-eabi/lib/thumb/v7-m/nofp\libc_nano.a(lib_a-nano-vfprintf_i.o)
                              d:/st/stm32cubeide_1.6.1/stm32cubeide/plugins/com.st.stm32cube.ide.mcu.externaltools.gnu-tools-for-stm32.9-2020-q2-update.win32_2.0.0.202105311346/tools/bin/../lib/gcc/arm-none-eabi/9.3.1/../../../../arm-none-eabi/lib/thumb/v7-m/nofp\libc_nano.a(lib_a-nano-svfprintf.o) (_printf_i)
d:/st/stm32cubeide_1.6.1/stm32cubeide/plugins/com.st.stm32cube.ide.mcu.externaltools.gnu-tools-for-stm32.9-2020-q2-update.win32_2.0.0.202105311346/tools/bin/../lib/gcc/arm-none-eabi/9.3.1/../../../../arm-none-eabi/lib/thumb/v7-m/nofp\libc_nano.a(lib_a-memchr-stub.o)
                              d:/st/stm32cubeide_1.6.1/stm32cubeide/plugins/com.st.stm32cube.ide.mcu.externaltools.gnu-tools-for-stm32.9-2020-q2-update.win32_2.0.0.202105311346/tools/bin/../lib/gcc/arm-none-eabi/9.3.1/../../../../arm-none-eabi/lib/thumb/v7-m/nofp\libc_nano.a(lib_a-nano-svfprintf.o) (memchr)
d:/st/stm32cubeide_1.6.1/stm32cubeide/plugins/com.st.stm32cube.ide.mcu.externaltools.gnu-tools-for-stm32.9-2020-q2-update.win32_2.0.0.202105311346/tools/bin/../lib/gcc/arm-none-eabi/9.3.1/../../../../arm-none-eabi/lib/thumb/v7-m/nofp\libc_nano.a(lib_a-memcpy-stub.o)
[...]
Memory Configuration

Name             Origin             Length             Attributes
RAM              0x0000000020000000 0x0000000000002800 xrw
FLASH            0x0000000008000000 0x0000000000008000 xr
*default*        0x0000000000000000 0xffffffffffffffff

Linker script and memory map

LOAD d:/st/stm32cubeide_1.6.1/stm32cubeide/plugins/com.st.stm32cube.ide.mcu.externaltools.gnu-tools-for-stm32.9-2020-q2-update.win32_2.0.0.202105311346/tools/bin/../lib/gcc/arm-none-eabi/9.3.1/thumb/v7-m/nofp/crti.o
LOAD d:/st/stm32cubeide_1.6.1/stm32cubeide/plugins/com.st.stm32cube.ide.mcu.externaltools.gnu-tools-for-stm32.9-2020-q2-update.win32_2.0.0.202105311346/tools/bin/../lib/gcc/arm-none-eabi/9.3.1/thumb/v7-m/nofp/crtbegin.o
LOAD d:/st/stm32cubeide_1.6.1/stm32cubeide/plugins/com.st.stm32cube.ide.mcu.externaltools.gnu-tools-for-stm32.9-2020-q2-update.win32_2.0.0.202105311346/tools/bin/../lib/gcc/arm-none-eabi/9.3.1/../../../../arm-none-eabi/lib/thumb/v7-m/nofp/crt0.o
LOAD ./Inc/devices/Src/GFX_COLOR.o
LOAD ./Inc/devices/Src/ILI9341.o
LOAD ./Inc/devices/Src/temt6000.o
LOAD ./Inc/examples/Src/adc_example.o
LOAD ./Inc/examples/Src/can_example.o
LOAD ./Inc/examples/Src/gpio_example.o
LOAD ./Inc/examples/Src/rcc_example.o
LOAD ./Inc/examples/Src/spi_example.o
LOAD ./Inc/examples/Src/usart_example.o
LOAD ./Inc/mydrivers/Src/stm32f103xx_adc.o
LOAD ./Inc/mydrivers/Src/stm32f103xx_can.o
LOAD ./Inc/mydrivers/Src/stm32f103xx_gpio.o
LOAD ./Inc/mydrivers/Src/stm32f103xx_i2c.o
LOAD ./Inc/mydrivers/Src/stm32f103xx_mydriver.o
LOAD ./Inc/mydrivers/Src/stm32f103xx_rcc.o
LOAD ./Inc/mydrivers/Src/stm32f103xx_spi.o
LOAD ./Inc/mydrivers/Src/stm32f103xx_systick.o
LOAD ./Inc/mydrivers/Src/stm32f103xx_usart.o
LOAD ./Src/main.o
LOAD ./Src/syscalls.o
LOAD ./Src/sysmem.o
LOAD ./Src/system_stm32f1xx.o
LOAD ./Startup/startup_stm32f103c6tx.o
START GROUP
LOAD d:/st/stm32cubeide_1.6.1/stm32cubeide/plugins/com.st.stm32cube.ide.mcu.externaltools.gnu-tools-for-stm32.9-2020-q2-update.win32_2.0.0.202105311346/tools/bin/../lib/gcc/arm-none-eabi/9.3.1/../../../../arm-none-eabi/lib/thumb/v7-m/nofp\libc_nano.a
LOAD d:/st/stm32cubeide_1.6.1/stm32cubeide/plugins/com.st.stm32cube.ide.mcu.externaltools.gnu-tools-for-stm32.9-2020-q2-update.win32_2.0.0.202105311346/tools/bin/../lib/gcc/arm-none-eabi/9.3.1/../../../../arm-none-eabi/lib/thumb/v7-m/nofp\libm.a
END GROUP
START GROUP
LOAD d:/st/stm32cubeide_1.6.1/stm32cubeide/plugins/com.st.stm32cube.ide.mcu.externaltools.gnu-tools-for-stm32.9-2020-q2-update.win32_2.0.0.202105311346/tools/bin/../lib/gcc/arm-none-eabi/9.3.1/thumb/v7-m/nofp\libgcc.a
LOAD d:/st/stm32cubeide_1.6.1/stm32cubeide/plugins/com.st.stm32cube.ide.mcu.externaltools.gnu-tools-for-stm32.9-2020-q2-update.win32_2.0.0.202105311346/tools/bin/../lib/gcc/arm-none-eabi/9.3.1/../../../../arm-none-eabi/lib/thumb/v7-m/nofp\libc_nano.a
END GROUP
START GROUP
LOAD d:/st/stm32cubeide_1.6.1/stm32cubeide/plugins/com.st.stm32cube.ide.mcu.externaltools.gnu-tools-for-stm32.9-2020-q2-update.win32_2.0.0.202105311346/tools/bin/../lib/gcc/arm-none-eabi/9.3.1/thumb/v7-m/nofp\libgcc.a
LOAD d:/st/stm32cubeide_1.6.1/stm32cubeide/plugins/com.st.stm32cube.ide.mcu.externaltools.gnu-tools-for-stm32.9-2020-q2-update.win32_2.0.0.202105311346/tools/bin/../lib/gcc/arm-none-eabi/9.3.1/../../../../arm-none-eabi/lib/thumb/v7-m/nofp\libc_nano.a
LOAD d:/st/stm32cubeide_1.6.1/stm32cubeide/plugins/com.st.stm32cube.ide.mcu.externaltools.gnu-tools-for-stm32.9-2020-q2-update.win32_2.0.0.202105311346/tools/bin/../lib/gcc/arm-none-eabi/9.3.1/../../../../arm-none-eabi/lib/thumb/v7-m/nofp\libnosys.a
END GROUP
START GROUP
LOAD d:/st/stm32cubeide_1.6.1/stm32cubeide/plugins/com.st.stm32cube.ide.mcu.externaltools.gnu-tools-for-stm32.9-2020-q2-update.win32_2.0.0.202105311346/tools/bin/../lib/gcc/arm-none-eabi/9.3.1/thumb/v7-m/nofp\libgcc.a
LOAD d:/st/stm32cubeide_1.6.1/stm32cubeide/plugins/com.st.stm32cube.ide.mcu.externaltools.gnu-tools-for-stm32.9-2020-q2-update.win32_2.0.0.202105311346/tools/bin/../lib/gcc/arm-none-eabi/9.3.1/../../../../arm-none-eabi/lib/thumb/v7-m/nofp\libc_nano.a
LOAD d:/st/stm32cubeide_1.6.1/stm32cubeide/plugins/com.st.stm32cube.ide.mcu.externaltools.gnu-tools-for-stm32.9-2020-q2-update.win32_2.0.0.202105311346/tools/bin/../lib/gcc/arm-none-eabi/9.3.1/../../../../arm-none-eabi/lib/thumb/v7-m/nofp\libnosys.a
END GROUP
LOAD d:/st/stm32cubeide_1.6.1/stm32cubeide/plugins/com.st.stm32cube.ide.mcu.externaltools.gnu-tools-for-stm32.9-2020-q2-update.win32_2.0.0.202105311346/tools/bin/../lib/gcc/arm-none-eabi/9.3.1/thumb/v7-m/nofp/crtend.o
LOAD d:/st/stm32cubeide_1.6.1/stm32cubeide/plugins/com.st.stm32cube.ide.mcu.externaltools.gnu-tools-for-stm32.9-2020-q2-update.win32_2.0.0.202105311346/tools/bin/../lib/gcc/arm-none-eabi/9.3.1/thumb/v7-m/nofp/crtn.o
                0x0000000020002800                _estack = (ORIGIN (RAM) + LENGTH (RAM))
                0x0000000000000200                _Min_Heap_Size = 0x200
                0x0000000000000400                _Min_Stack_Size = 0x400

.isr_vector     0x0000000008000000      0x130
                0x0000000008000000                . = ALIGN (0x4)
 *(.isr_vector)
 .isr_vector    0x0000000008000000      0x130 ./Startup/startup_stm32f103c6tx.o
                0x0000000008000000                g_pfnVectors
                0x0000000008000130                . = ALIGN (0x4)

.text           0x0000000008000130     0x3198
                0x0000000008000130                . = ALIGN (0x4)
 *(.text)
 .text          0x0000000008000130       0x40 d:/st/stm32cubeide_1.6.1/stm32cubeide/plugins/com.st.stm32cube.ide.mcu.externaltools.gnu-tools-for-stm32.9-2020-q2-update.win32_2.0.0.202105311346/tools/bin/../lib/gcc/arm-none-eabi/9.3.1/thumb/v7-m/nofp/crtbegin.o
 *(.text*)
 .text.GFX_SetFont
                0x0000000008000170       0x1c ./Inc/devices/Src/GFX_COLOR.o
                0x0000000008000170                GFX_SetFont
 .text.GFX_SetFontSize
                0x000000000800018c       0x24 ./Inc/devices/Src/GFX_COLOR.o
                0x000000000800018c                GFX_SetFontSize
 .text.GFX_DrawChar
                0x00000000080001b0       0xfc ./Inc/devices/Src/GFX_COLOR.o
                0x00000000080001b0                GFX_DrawChar
 .text.GFX_DrawString
                0x00000000080002ac       0x64 ./Inc/devices/Src/GFX_COLOR.o
                0x00000000080002ac                GFX_DrawString
 .text.GFX_WriteLine
                0x0000000008000310      0x11a ./Inc/devices/Src/GFX_COLOR.o
                0x0000000008000310                GFX_WriteLine
 .text.GFX_DrawFastVLine
                0x000000000800042a       0x2e ./Inc/devices/Src/GFX_COLOR.o
                0x000000000800042a                GFX_DrawFastVLine
 .text.GFX_DrawFillRectangle
                0x0000000008000458       0x44 ./Inc/devices/Src/GFX_COLOR.o
                0x0000000008000458                GFX_DrawFillRectangle
 .text.ILI9341_Delay
                0x000000000800049c       0x16 ./Inc/devices/Src/ILI9341.o
 *fill*         0x00000000080004b2        0x2 
 .text.ILI9341_SendTFT
                0x00000000080004b4       0x28 ./Inc/devices/Src/ILI9341.o
 .text.ILI9341_SendCommand
                0x00000000080004dc       0x2c ./Inc/devices/Src/ILI9341.o
 .text.ILI9341_SendData16
                0x0000000008000508       0x3c ./Inc/devices/Src/ILI9341.o
 .text.ILI9341_SendCommandAndData
                0x0000000008000544       0x48 ./Inc/devices/Src/ILI9341.o
 .text.ILI9341_SetRotation
                0x000000000800058c       0x5c ./Inc/devices/Src/ILI9341.o
                0x000000000800058c                ILI9341_SetRotation
 .text.ILI9341_SetAddrWindow
                0x00000000080005e8       0xa0 ./Inc/devices/Src/ILI9341.o
 .text.ILI9341_WritePixel
                0x0000000008000688       0x66 ./Inc/devices/Src/ILI9341.o
                0x0000000008000688                ILI9341_WritePixel
 .text.ILI9341_ClearArea
                0x00000000080006ee       0x60 ./Inc/devices/Src/ILI9341.o
                0x00000000080006ee                ILI9341_ClearArea
 .text.ILI9341_ClearDisplay
                0x000000000800074e       0x4a ./Inc/devices/Src/ILI9341.o
                0x000000000800074e                ILI9341_ClearDisplay
 .text.ILI9341_Init
                0x0000000008000798       0xa0 ./Inc/devices/Src/ILI9341.o
                0x0000000008000798                ILI9341_Init
 .text.example_can_recieve_data
                0x0000000008000838      0x27c ./Inc/examples/Src/can_example.o
                0x0000000008000838                example_can_recieve_data
 .text.md_gpio_exti15_10_callback
                0x0000000008000ab4       0x20 ./Inc/examples/Src/can_example.o
                0x0000000008000ab4                md_gpio_exti15_10_callback
 .text.md_can_mailbox_empty_callback
                0x0000000008000ad4        0xc ./Inc/examples/Src/can_example.o
                0x0000000008000ad4                md_can_mailbox_empty_callback
 .text.example_heart_beat_no_delay
                0x0000000008000ae0       0x48 ./Inc/examples/Src/gpio_example.o
                0x0000000008000ae0                example_heart_beat_no_delay
 .text.example_rcc_configure_pll_32Mhz
                0x0000000008000b28       0x3c ./Inc/examples/Src/rcc_example.o
                0x0000000008000b28                example_rcc_configure_pll_32Mhz
 .text.md_usart_tc_callback
                0x0000000008000b64       0x60 ./Inc/examples/Src/usart_example.o
                0x0000000008000b64                md_usart_tc_callback
 .text.__NVIC_EnableIRQ
                0x0000000008000bc4       0x38 ./Inc/mydrivers/Src/stm32f103xx_can.o
 .text.__NVIC_ClearPendingIRQ
                0x0000000008000bfc       0x3c ./Inc/mydrivers/Src/stm32f103xx_can.o
 .text.__NVIC_SetPriority
                0x0000000008000c38       0x54 ./Inc/mydrivers/Src/stm32f103xx_can.o
 .text.md_set_if_condition
                0x0000000008000c8c       0x3a ./Inc/mydrivers/Src/stm32f103xx_can.o
 .text.md_clear_if_condition
                0x0000000008000cc6       0x40 ./Inc/mydrivers/Src/stm32f103xx_can.o
 .text.md_can_init
                0x0000000008000d06       0x1c ./Inc/mydrivers/Src/stm32f103xx_can.o
                0x0000000008000d06                md_can_init
 .text.md_can_change_op_mode
                0x0000000008000d22       0x52 ./Inc/mydrivers/Src/stm32f103xx_can.o
                0x0000000008000d22                md_can_change_op_mode
 .text.md_can_init_time_quanta
                0x0000000008000d74       0xfe ./Inc/mydrivers/Src/stm32f103xx_can.o
                0x0000000008000d74                md_can_init_time_quanta
 .text.md_can_init_basic
                0x0000000008000e72       0x94 ./Inc/mydrivers/Src/stm32f103xx_can.o
                0x0000000008000e72                md_can_init_basic
 *fill*         0x0000000008000f06        0x2 
 .text.md_can_read_fifo
                0x0000000008000f08      0x24c ./Inc/mydrivers/Src/stm32f103xx_can.o
                0x0000000008000f08                md_can_read_fifo
 .text.md_can_init_filter
                0x0000000008001154      0x18e ./Inc/mydrivers/Src/stm32f103xx_can.o
                0x0000000008001154                md_can_init_filter
 *fill*         0x00000000080012e2        0x2 
 .text.md_can_activate_irq
                0x00000000080012e4       0xb4 ./Inc/mydrivers/Src/stm32f103xx_can.o
                0x00000000080012e4                md_can_activate_irq
 .text.can_enter_init_mode
                0x0000000008001398       0x9c ./Inc/mydrivers/Src/stm32f103xx_can.o
 .text.can_enter_normal_mode
                0x0000000008001434       0x9c ./Inc/mydrivers/Src/stm32f103xx_can.o
 .text.can_enter_sleep_mode
                0x00000000080014d0       0x9c ./Inc/mydrivers/Src/stm32f103xx_can.o
 .text.can_init_clock
                0x000000000800156c       0x58 ./Inc/mydrivers/Src/stm32f103xx_can.o
 .text.can_init_gpio
                0x00000000080015c4       0x3c ./Inc/mydrivers/Src/stm32f103xx_can.o
 .text.can_main_rx0_callback
                0x0000000008001600       0x28 ./Inc/mydrivers/Src/stm32f103xx_can.o
 .text.can_main_rx1_callback
                0x0000000008001628       0x28 ./Inc/mydrivers/Src/stm32f103xx_can.o
 .text.can_main_sce_callback
                0x0000000008001650        0xc ./Inc/mydrivers/Src/stm32f103xx_can.o
 .text.USB_HP_CAN_TX_IRQHandler
                0x000000000800165c       0x70 ./Inc/mydrivers/Src/stm32f103xx_can.o
                0x000000000800165c                USB_HP_CAN_TX_IRQHandler
 .text.USB_LP_CAN_RX0_IRQHandler
                0x00000000080016cc       0x12 ./Inc/mydrivers/Src/stm32f103xx_can.o
                0x00000000080016cc                USB_LP_CAN_RX0_IRQHandler
 .text.CAN_RX1_IRQHandler
                0x00000000080016de       0x12 ./Inc/mydrivers/Src/stm32f103xx_can.o
                0x00000000080016de                CAN_RX1_IRQHandler
 .text.CAN_SCE_IRQHandler
                0x00000000080016f0       0x12 ./Inc/mydrivers/Src/stm32f103xx_can.o
                0x00000000080016f0                CAN_SCE_IRQHandler
 *fill*         0x0000000008001702        0x2 
 .text.__NVIC_EnableIRQ
                0x0000000008001704       0x38 ./Inc/mydrivers/Src/stm32f103xx_gpio.o
 .text.__NVIC_ClearPendingIRQ
                0x000000000800173c       0x3c ./Inc/mydrivers/Src/stm32f103xx_gpio.o
 .text.__NVIC_SetPriority
                0x0000000008001778       0x54 ./Inc/mydrivers/Src/stm32f103xx_gpio.o
 .text.md_gpio_init_clock
                0x00000000080017cc      0x118 ./Inc/mydrivers/Src/stm32f103xx_gpio.o
                0x00000000080017cc                md_gpio_init_clock
 .text.md_gpio_init_af_clock
                0x00000000080018e4       0x44 ./Inc/mydrivers/Src/stm32f103xx_gpio.o
                0x00000000080018e4                md_gpio_init_af_clock
 .text.md_gpio_configure_output
                0x0000000008001928       0xb6 ./Inc/mydrivers/Src/stm32f103xx_gpio.o
                0x0000000008001928                md_gpio_configure_output
 .text.md_gpio_configure_input
                0x00000000080019de       0xe4 ./Inc/mydrivers/Src/stm32f103xx_gpio.o
                0x00000000080019de                md_gpio_configure_input
 *fill*         0x0000000008001ac2        0x2 
 .text.md_gpio_configure_exti
                0x0000000008001ac4      0x1c4 ./Inc/mydrivers/Src/stm32f103xx_gpio.o
                0x0000000008001ac4                md_gpio_configure_exti
 .text.md_gpio_write_pin
                0x0000000008001c88       0x46 ./Inc/mydrivers/Src/stm32f103xx_gpio.o
                0x0000000008001c88                md_gpio_write_pin
 .text.md_gpio_toggle_pin
                0x0000000008001cce       0x28 ./Inc/mydrivers/Src/stm32f103xx_gpio.o
                0x0000000008001cce                md_gpio_toggle_pin
 .text.md_gpio_exti4_callback
                0x0000000008001cf6        0xc ./Inc/mydrivers/Src/stm32f103xx_gpio.o
                0x0000000008001cf6                md_gpio_exti4_callback
 .text.md_gpio_exti3_callback
                0x0000000008001d02        0xc ./Inc/mydrivers/Src/stm32f103xx_gpio.o
                0x0000000008001d02                md_gpio_exti3_callback
 .text.md_gpio_exti2_callback
                0x0000000008001d0e        0xc ./Inc/mydrivers/Src/stm32f103xx_gpio.o
                0x0000000008001d0e                md_gpio_exti2_callback
 .text.md_gpio_exti1_callback
                0x0000000008001d1a        0xc ./Inc/mydrivers/Src/stm32f103xx_gpio.o
                0x0000000008001d1a                md_gpio_exti1_callback
 .text.md_gpio_exti0_callback
                0x0000000008001d26        0xc ./Inc/mydrivers/Src/stm32f103xx_gpio.o
                0x0000000008001d26                md_gpio_exti0_callback
 *fill*         0x0000000008001d32        0x2 
 .text.gpio_exti15_10_get_pin
                0x0000000008001d34       0x94 ./Inc/mydrivers/Src/stm32f103xx_gpio.o
 .text.EXTI15_10_IRQHandler
                0x0000000008001dc8       0x40 ./Inc/mydrivers/Src/stm32f103xx_gpio.o
                0x0000000008001dc8                EXTI15_10_IRQHandler
 .text.EXTI9_5_IRQHandler
                0x0000000008001e08       0x40 ./Inc/mydrivers/Src/stm32f103xx_gpio.o
                0x0000000008001e08                EXTI9_5_IRQHandler
 .text.EXTI4_IRQHandler
                0x0000000008001e48       0x24 ./Inc/mydrivers/Src/stm32f103xx_gpio.o
                0x0000000008001e48                EXTI4_IRQHandler
 .text.EXTI3_IRQHandler
                0x0000000008001e6c       0x24 ./Inc/mydrivers/Src/stm32f103xx_gpio.o
                0x0000000008001e6c                EXTI3_IRQHandler
 .text.EXTI2_IRQHandler
                0x0000000008001e90       0x24 ./Inc/mydrivers/Src/stm32f103xx_gpio.o
                0x0000000008001e90                EXTI2_IRQHandler
 .text.EXTI1_IRQHandler
                0x0000000008001eb4       0x24 ./Inc/mydrivers/Src/stm32f103xx_gpio.o
                0x0000000008001eb4                EXTI1_IRQHandler
 .text.EXTI0_IRQHandler
                0x0000000008001ed8       0x24 ./Inc/mydrivers/Src/stm32f103xx_gpio.o
                0x0000000008001ed8                EXTI0_IRQHandler
 .text.md_rcc_configure_sysclk
                0x0000000008001efc      0x110 ./Inc/mydrivers/Src/stm32f103xx_rcc.o
                0x0000000008001efc                md_rcc_configure_sysclk
 .text.md_rcc_configure_prescalers
                0x000000000800200c       0x6c ./Inc/mydrivers/Src/stm32f103xx_rcc.o
                0x000000000800200c                md_rcc_configure_prescalers
 .text.md_rcc_get_sysclk
                0x0000000008002078       0x3c ./Inc/mydrivers/Src/stm32f103xx_rcc.o
                0x0000000008002078                md_rcc_get_sysclk
 .text.md_rcc_get_hclk
                0x00000000080020b4       0x22 ./Inc/mydrivers/Src/stm32f103xx_rcc.o
                0x00000000080020b4                md_rcc_get_hclk
 .text.md_rcc_get_pclk
                0x00000000080020d6       0x26 ./Inc/mydrivers/Src/stm32f103xx_rcc.o
                0x00000000080020d6                md_rcc_get_pclk
 .text.md_rcc_get_adcclk
                0x00000000080020fc       0x24 ./Inc/mydrivers/Src/stm32f103xx_rcc.o
                0x00000000080020fc                md_rcc_get_adcclk
 .text.md_rcc_get_frequencies
                0x0000000008002120       0x46 ./Inc/mydrivers/Src/stm32f103xx_rcc.o
                0x0000000008002120                md_rcc_get_frequencies
 *fill*         0x0000000008002166        0x2 
 .text.rcc_get_ahb_prescaler
                0x0000000008002168       0xb0 ./Inc/mydrivers/Src/stm32f103xx_rcc.o
 .text.rcc_get_apb_prescaler
                0x0000000008002218       0x98 ./Inc/mydrivers/Src/stm32f103xx_rcc.o
 .text.rcc_get_pll_multiplier
                0x00000000080022b0       0x7c ./Inc/mydrivers/Src/stm32f103xx_rcc.o
 .text.rcc_calculate_pll_sysclk
                0x000000000800232c       0x78 ./Inc/mydrivers/Src/stm32f103xx_rcc.o
 .text.rcc_get_adc_prescaler
                0x00000000080023a4       0x50 ./Inc/mydrivers/Src/stm32f103xx_rcc.o
 .text.md_set_if_condition
                0x00000000080023f4       0x3a ./Inc/mydrivers/Src/stm32f103xx_spi.o
 .text.md_spi_init
                0x000000000800242e       0x16 ./Inc/mydrivers/Src/stm32f103xx_spi.o
                0x000000000800242e                md_spi_init
 .text.md_spi_init_basic
                0x0000000008002444      0x104 ./Inc/mydrivers/Src/stm32f103xx_spi.o
                0x0000000008002444                md_spi_init_basic
 .text.md_spi_tx_polling
                0x0000000008002548       0xbe ./Inc/mydrivers/Src/stm32f103xx_spi.o
                0x0000000008002548                md_spi_tx_polling
 *fill*         0x0000000008002606        0x2 
 .text.spi_init_clock
                0x0000000008002608       0x48 ./Inc/mydrivers/Src/stm32f103xx_spi.o
 .text.spi_init_gpio
                0x0000000008002650       0xa4 ./Inc/mydrivers/Src/stm32f103xx_spi.o
 .text.__NVIC_SetPriority
                0x00000000080026f4       0x54 ./Inc/mydrivers/Src/stm32f103xx_systick.o
 .text.SysTick_Config
                0x0000000008002748       0x44 ./Inc/mydrivers/Src/stm32f103xx_systick.o
 .text.md_systick_configure_ms
                0x000000000800278c       0x2c ./Inc/mydrivers/Src/stm32f103xx_systick.o
                0x000000000800278c                md_systick_configure_ms
 .text.md_systick_get_tick
                0x00000000080027b8       0x14 ./Inc/mydrivers/Src/stm32f103xx_systick.o
                0x00000000080027b8                md_systick_get_tick
 .text.md_systick_delay
                0x00000000080027cc       0x28 ./Inc/mydrivers/Src/stm32f103xx_systick.o
                0x00000000080027cc                md_systick_delay
 .text.SysTick_Handler
                0x00000000080027f4       0x1c ./Inc/mydrivers/Src/stm32f103xx_systick.o
                0x00000000080027f4                SysTick_Handler
 .text.md_usart_txe_callback
                0x0000000008002810       0x12 ./Inc/mydrivers/Src/stm32f103xx_usart.o
                0x0000000008002810                md_usart_txe_callback
 .text.usart_txe_callback
                0x0000000008002822       0x52 ./Inc/mydrivers/Src/stm32f103xx_usart.o
 .text.usart_main_callback
                0x0000000008002874       0x74 ./Inc/mydrivers/Src/stm32f103xx_usart.o
 .text.USART1_IRQHandler
                0x00000000080028e8       0x14 ./Inc/mydrivers/Src/stm32f103xx_usart.o
                0x00000000080028e8                USART1_IRQHandler
 .text.USART2_IRQHandler
                0x00000000080028fc       0x14 ./Inc/mydrivers/Src/stm32f103xx_usart.o
                0x00000000080028fc                USART2_IRQHandler
 .text.main     0x0000000008002910        0xa ./Src/main.o
                0x0000000008002910                main
 *fill*         0x000000000800291a        0x2 
 .text._sbrk    0x000000000800291c       0x6c ./Src/sysmem.o
                0x000000000800291c                _sbrk
 .text.SystemInit
                0x0000000008002988        0xc ./Src/system_stm32f1xx.o
                0x0000000008002988                SystemInit
 .text.Reset_Handler
                0x0000000008002994       0x50 ./Startup/startup_stm32f103c6tx.o
                0x0000000008002994                Reset_Handler
 .text.Default_Handler
                0x00000000080029e4        0x2 ./Startup/startup_stm32f103c6tx.o
                0x00000000080029e4                TIM8_TRG_COM_IRQHandler
                0x00000000080029e4                TIM8_CC_IRQHandler
                0x00000000080029e4                DebugMon_Handler
                0x00000000080029e4                TIM1_CC_IRQHandler
                0x00000000080029e4                HardFault_Handler
                0x00000000080029e4                TIM6_IRQHandler
                0x00000000080029e4                PVD_IRQHandler
                0x00000000080029e4                SDIO_IRQHandler
                0x00000000080029e4                PendSV_Handler
                0x00000000080029e4                NMI_Handler
                0x00000000080029e4                I2C2_EV_IRQHandler
                0x00000000080029e4                UsageFault_Handler
                0x00000000080029e4                ADC1_2_IRQHandler
                0x00000000080029e4                SPI1_IRQHandler
                0x00000000080029e4                TAMPER_IRQHandler
                0x00000000080029e4                TIM8_UP_IRQHandler
                0x00000000080029e4                DMA2_Channel2_IRQHandler
                0x00000000080029e4                DMA1_Channel4_IRQHandler
                0x00000000080029e4                USART3_IRQHandler
                0x00000000080029e4                RTC_IRQHandler
                0x00000000080029e4                DMA1_Channel7_IRQHandler
                0x00000000080029e4                UART5_IRQHandler
                0x00000000080029e4                ADC3_IRQHandler
                0x00000000080029e4                TIM4_IRQHandler
                0x00000000080029e4                DMA2_Channel1_IRQHandler
                0x00000000080029e4                I2C1_EV_IRQHandler
                0x00000000080029e4                DMA1_Channel6_IRQHandler
                0x00000000080029e4                UART4_IRQHandler
                0x00000000080029e4                TIM3_IRQHandler
                0x00000000080029e4                RCC_IRQHandler
                0x00000000080029e4                TIM1_TRG_COM_IRQHandler
                0x00000000080029e4                DMA1_Channel1_IRQHandler
                0x00000000080029e4                Default_Handler
                0x00000000080029e4                TIM7_IRQHandler
                0x00000000080029e4                TIM5_IRQHandler
                0x00000000080029e4                SPI2_IRQHandler
                0x00000000080029e4                MemManage_Handler
                0x00000000080029e4                SVC_Handler
                0x00000000080029e4                DMA1_Channel5_IRQHandler
                0x00000000080029e4                DMA1_Channel3_IRQHandler
                0x00000000080029e4                FSMC_IRQHandler
                0x00000000080029e4                TIM1_UP_IRQHandler
                0x00000000080029e4                WWDG_IRQHandler
                0x00000000080029e4                TIM2_IRQHandler
                0x00000000080029e4                TIM1_BRK_IRQHandler
                0x00000000080029e4                RTCAlarm_IRQHandler
                0x00000000080029e4                DMA2_Channel4_5_IRQHandler
                0x00000000080029e4                I2C2_ER_IRQHandler
                0x00000000080029e4                DMA1_Channel2_IRQHandler
                0x00000000080029e4                TIM8_BRK_IRQHandler
                0x00000000080029e4                FLASH_IRQHandler
                0x00000000080029e4                BusFault_Handler
                0x00000000080029e4                SPI3_IRQHandler
                0x00000000080029e4                I2C1_ER_IRQHandler
                0x00000000080029e4                DMA2_Channel3_IRQHandler
 *fill*         0x00000000080029e6        0x2 
 .text.__errno  0x00000000080029e8        0xc d:/st/stm32cubeide_1.6.1/stm32cubeide/plugins/com.st.stm32cube.ide.mcu.externaltools.gnu-tools-for-stm32.9-2020-q2-update.win32_2.0.0.202105311346/tools/bin/../lib/gcc/arm-none-eabi/9.3.1/../../../../arm-none-eabi/lib/thumb/v7-m/nofp\libc_nano.a(lib_a-errno.o)
                0x00000000080029e8                __errno
 .text.__libc_init_array
                0x00000000080029f4       0x48 d:/st/stm32cubeide_1.6.1/stm32cubeide/plugins/com.st.stm32cube.ide.mcu.externaltools.gnu-tools-for-stm32.9-2020-q2-update.win32_2.0.0.202105311346/tools/bin/../lib/gcc/arm-none-eabi/9.3.1/../../../../arm-none-eabi/lib/thumb/v7-m/nofp\libc_nano.a(lib_a-init.o)
                0x00000000080029f4                __libc_init_array
 .text.sprintf  0x0000000008002a3c       0x40 d:/st/stm32cubeide_1.6.1/stm32cubeide/plugins/com.st.stm32cube.ide.mcu.externaltools.gnu-tools-for-stm32.9-2020-q2-update.win32_2.0.0.202105311346/tools/bin/../lib/gcc/arm-none-eabi/9.3.1/../../../../arm-none-eabi/lib/thumb/v7-m/nofp\libc_nano.a(lib_a-sprintf.o)
                0x0000000008002a3c                siprintf
                0x0000000008002a3c                sprintf
 .text.__ssputs_r
                0x0000000008002a7c       0xb6 d:/st/stm32cubeide_1.6.1/stm32cubeide/plugins/com.st.stm32cube.ide.mcu.externaltools.gnu-tools-for-stm32.9-2020-q2-update.win32_2.0.0.202105311346/tools/bin/../lib/gcc/arm-none-eabi/9.3.1/../../../../arm-none-eabi/lib/thumb/v7-m/nofp\libc_nano.a(lib_a-nano-svfprintf.o)
                0x0000000008002a7c                __ssputs_r
 *fill*         0x0000000008002b32        0x2 
 .text._svfprintf_r
                0x0000000008002b34      0x200 d:/st/stm32cubeide_1.6.1/stm32cubeide/plugins/com.st.stm32cube.ide.mcu.externaltools.gnu-tools-for-stm32.9-2020-q2-update.win32_2.0.0.202105311346/tools/bin/../lib/gcc/arm-none-eabi/9.3.1/../../../../arm-none-eabi/lib/thumb/v7-m/nofp\libc_nano.a(lib_a-nano-svfprintf.o)
                0x0000000008002b34                _svfiprintf_r
                0x0000000008002b34                _svfprintf_r
 .text._printf_common
                0x0000000008002d34       0xde d:/st/stm32cubeide_1.6.1/stm32cubeide/plugins/com.st.stm32cube.ide.mcu.externaltools.gnu-tools-for-stm32.9-2020-q2-update.win32_2.0.0.202105311346/tools/bin/../lib/gcc/arm-none-eabi/9.3.1/../../../../arm-none-eabi/lib/thumb/v7-m/nofp\libc_nano.a(lib_a-nano-vfprintf_i.o)
                0x0000000008002d34                _printf_common
 *fill*         0x0000000008002e12        0x2 
 .text._printf_i
                0x0000000008002e14      0x24c d:/st/stm32cubeide_1.6.1/stm32cubeide/plugins/com.st.stm32cube.ide.mcu.externaltools.gnu-tools-for-stm32.9-2020-q2-update.win32_2.0.0.202105311346/tools/bin/../lib/gcc/arm-none-eabi/9.3.1/../../../../arm-none-eabi/lib/thumb/v7-m/nofp\libc_nano.a(lib_a-nano-vfprintf_i.o)
                0x0000000008002e14                _printf_i
 .text.memchr   0x0000000008003060       0x1c d:/st/stm32cubeide_1.6.1/stm32cubeide/plugins/com.st.stm32cube.ide.mcu.externaltools.gnu-tools-for-stm32.9-2020-q2-update.win32_2.0.0.202105311346/tools/bin/../lib/gcc/arm-none-eabi/9.3.1/../../../../arm-none-eabi/lib/thumb/v7-m/nofp\libc_nano.a(lib_a-memchr-stub.o)
                0x0000000008003060                memchr
 .text.memcpy   0x000000000800307c       0x1c d:/st/stm32cubeide_1.6.1/stm32cubeide/plugins/com.st.stm32cube.ide.mcu.externaltools.gnu-tools-for-stm32.9-2020-q2-update.win32_2.0.0.202105311346/tools/bin/../lib/gcc/arm-none-eabi/9.3.1/../../../../arm-none-eabi/lib/thumb/v7-m/nofp\libc_nano.a(lib_a-memcpy-stub.o)
                0x000000000800307c                memcpy
 .text.memmove  0x0000000008003098       0x34 d:/st/stm32cubeide_1.6.1/stm32cubeide/plugins/com.st.stm32cube.ide.mcu.externaltools.gnu-tools-for-stm32.9-2020-q2-update.win32_2.0.0.202105311346/tools/bin/../lib/gcc/arm-none-eabi/9.3.1/../../../../arm-none-eabi/lib/thumb/v7-m/nofp\libc_nano.a(lib_a-memmove.o)
                0x0000000008003098                memmove
 .text._free_r  0x00000000080030cc       0x98 d:/st/stm32cubeide_1.6.1/stm32cubeide/plugins/com.st.stm32cube.ide.mcu.externaltools.gnu-tools-for-stm32.9-2020-q2-update.win32_2.0.0.202105311346/tools/bin/../lib/gcc/arm-none-eabi/9.3.1/../../../../arm-none-eabi/lib/thumb/v7-m/nofp\libc_nano.a(lib_a-nano-freer.o)
                0x00000000080030cc                _free_r
 .text._malloc_r
                0x0000000008003164       0xb4 d:/st/stm32cubeide_1.6.1/stm32cubeide/plugins/com.st.stm32cube.ide.mcu.externaltools.gnu-tools-for-stm32.9-2020-q2-update.win32_2.0.0.202105311346/tools/bin/../lib/gcc/arm-none-eabi/9.3.1/../../../../arm-none-eabi/lib/thumb/v7-m/nofp\libc_nano.a(lib_a-nano-mallocr.o)
                0x0000000008003164                _malloc_r
 .text._realloc_r
                0x0000000008003218       0x4c d:/st/stm32cubeide_1.6.1/stm32cubeide/plugins/com.st.stm32cube.ide.mcu.externaltools.gnu-tools-for-stm32.9-2020-q2-update.win32_2.0.0.202105311346/tools/bin/../lib/gcc/arm-none-eabi/9.3.1/../../../../arm-none-eabi/lib/thumb/v7-m/nofp\libc_nano.a(lib_a-nano-reallocr.o)
                0x0000000008003218                _realloc_r
 .text._sbrk_r  0x0000000008003264       0x20 d:/st/stm32cubeide_1.6.1/stm32cubeide/plugins/com.st.stm32cube.ide.mcu.externaltools.gnu-tools-for-stm32.9-2020-q2-update.win32_2.0.0.202105311346/tools/bin/../lib/gcc/arm-none-eabi/9.3.1/../../../../arm-none-eabi/lib/thumb/v7-m/nofp\libc_nano.a(lib_a-sbrkr.o)
                0x0000000008003264                _sbrk_r
 .text.__malloc_lock
                0x0000000008003284        0xc d:/st/stm32cubeide_1.6.1/stm32cubeide/plugins/com.st.stm32cube.ide.mcu.externaltools.gnu-tools-for-stm32.9-2020-q2-update.win32_2.0.0.202105311346/tools/bin/../lib/gcc/arm-none-eabi/9.3.1/../../../../arm-none-eabi/lib/thumb/v7-m/nofp\libc_nano.a(lib_a-mlock.o)
                0x0000000008003284                __malloc_lock
 .text.__malloc_unlock
                0x0000000008003290        0xc d:/st/stm32cubeide_1.6.1/stm32cubeide/plugins/com.st.stm32cube.ide.mcu.externaltools.gnu-tools-for-stm32.9-2020-q2-update.win32_2.0.0.202105311346/tools/bin/../lib/gcc/arm-none-eabi/9.3.1/../../../../arm-none-eabi/lib/thumb/v7-m/nofp\libc_nano.a(lib_a-mlock.o)
                0x0000000008003290                __malloc_unlock
 .text._malloc_usable_size_r
                0x000000000800329c       0x10 d:/st/stm32cubeide_1.6.1/stm32cubeide/plugins/com.st.stm32cube.ide.mcu.externaltools.gnu-tools-for-stm32.9-2020-q2-update.win32_2.0.0.202105311346/tools/bin/../lib/gcc/arm-none-eabi/9.3.1/../../../../arm-none-eabi/lib/thumb/v7-m/nofp\libc_nano.a(lib_a-nano-msizer.o)
                0x000000000800329c                _malloc_usable_size_r
 .text.__retarget_lock_acquire_recursive
                0x00000000080032ac        0x2 d:/st/stm32cubeide_1.6.1/stm32cubeide/plugins/com.st.stm32cube.ide.mcu.externaltools.gnu-tools-for-stm32.9-2020-q2-update.win32_2.0.0.202105311346/tools/bin/../lib/gcc/arm-none-eabi/9.3.1/../../../../arm-none-eabi/lib/thumb/v7-m/nofp\libc_nano.a(lib_a-lock.o)
                0x00000000080032ac                __retarget_lock_acquire_recursive
 .text.__retarget_lock_release_recursive
                0x00000000080032ae        0x2 d:/st/stm32cubeide_1.6.1/stm32cubeide/plugins/com.st.stm32cube.ide.mcu.externaltools.gnu-tools-for-stm32.9-2020-q2-update.win32_2.0.0.202105311346/tools/bin/../lib/gcc/arm-none-eabi/9.3.1/../../../../arm-none-eabi/lib/thumb/v7-m/nofp\libc_nano.a(lib_a-lock.o)
                0x00000000080032ae                __retarget_lock_release_recursive
 *(.glue_7)
 .glue_7        0x00000000080032b0        0x0 linker stubs
 *(.glue_7t)
 .glue_7t       0x00000000080032b0        0x0 linker stubs
 *(.eh_frame)
 .eh_frame      0x00000000080032b0        0x0 d:/st/stm32cubeide_1.6.1/stm32cubeide/plugins/com.st.stm32cube.ide.mcu.externaltools.gnu-tools-for-stm32.9-2020-q2-update.win32_2.0.0.202105311346/tools/bin/../lib/gcc/arm-none-eabi/9.3.1/thumb/v7-m/nofp/crtbegin.o
 *(.init)
 .init          0x00000000080032b0        0x4 d:/st/stm32cubeide_1.6.1/stm32cubeide/plugins/com.st.stm32cube.ide.mcu.externaltools.gnu-tools-for-stm32.9-2020-q2-update.win32_2.0.0.202105311346/tools/bin/../lib/gcc/arm-none-eabi/9.3.1/thumb/v7-m/nofp/crti.o
                0x00000000080032b0                _init
 .init          0x00000000080032b4        0x8 d:/st/stm32cubeide_1.6.1/stm32cubeide/plugins/com.st.stm32cube.ide.mcu.externaltools.gnu-tools-for-stm32.9-2020-q2-update.win32_2.0.0.202105311346/tools/bin/../lib/gcc/arm-none-eabi/9.3.1/thumb/v7-m/nofp/crtn.o
 *(.fini)
 .fini          0x00000000080032bc        0x4 d:/st/stm32cubeide_1.6.1/stm32cubeide/plugins/com.st.stm32cube.ide.mcu.externaltools.gnu-tools-for-stm32.9-2020-q2-update.win32_2.0.0.202105311346/tools/bin/../lib/gcc/arm-none-eabi/9.3.1/thumb/v7-m/nofp/crti.o
                0x00000000080032bc                _fini
 .fini          0x00000000080032c0        0x8 d:/st/stm32cubeide_1.6.1/stm32cubeide/plugins/com.st.stm32cube.ide.mcu.externaltools.gnu-tools-for-stm32.9-2020-q2-update.win32_2.0.0.202105311346/tools/bin/../lib/gcc/arm-none-eabi/9.3.1/thumb/v7-m/nofp/crtn.o
                0x00000000080032c8                . = ALIGN (0x4)
                0x00000000080032c8                _etext = .

.vfp11_veneer   0x00000000080032c8        0x0
 .vfp11_veneer  0x00000000080032c8        0x0 linker stubs

.v4_bx          0x00000000080032c8        0x0
 .v4_bx         0x00000000080032c8        0x0 linker stubs

.iplt           0x00000000080032c8        0x0
 .iplt          0x00000000080032c8        0x0 d:/st/stm32cubeide_1.6.1/stm32cubeide/plugins/com.st.stm32cube.ide.mcu.externaltools.gnu-tools-for-stm32.9-2020-q2-update.win32_2.0.0.202105311346/tools/bin/../lib/gcc/arm-none-eabi/9.3.1/thumb/v7-m/nofp/crtbegin.o

.rodata         0x00000000080032c8      0x2cc
                0x00000000080032c8                . = ALIGN (0x4)
 *(.rodata)
 .rodata        0x00000000080032c8       0x4b ./Inc/examples/Src/can_example.o
 *(.rodata*)
 *fill*         0x0000000008003313        0x1 
 .rodata.initcmd
                0x0000000008003314       0x6f ./Inc/devices/Src/ILI9341.o
 *fill*         0x0000000008003383        0x1 
 .rodata.font_8x5
                0x0000000008003384      0x1dd ./Inc/examples/Src/can_example.o
                0x0000000008003384                font_8x5
 .rodata._svfprintf_r.str1.1
                0x0000000008003561       0x11 d:/st/stm32cubeide_1.6.1/stm32cubeide/plugins/com.st.stm32cube.ide.mcu.externaltools.gnu-tools-for-stm32.9-2020-q2-update.win32_2.0.0.202105311346/tools/bin/../lib/gcc/arm-none-eabi/9.3.1/../../../../arm-none-eabi/lib/thumb/v7-m/nofp\libc_nano.a(lib_a-nano-svfprintf.o)
 .rodata._printf_i.str1.1
                0x0000000008003572       0x22 d:/st/stm32cubeide_1.6.1/stm32cubeide/plugins/com.st.stm32cube.ide.mcu.externaltools.gnu-tools-for-stm32.9-2020-q2-update.win32_2.0.0.202105311346/tools/bin/../lib/gcc/arm-none-eabi/9.3.1/../../../../arm-none-eabi/lib/thumb/v7-m/nofp\libc_nano.a(lib_a-nano-vfprintf_i.o)
                0x0000000008003594                . = ALIGN (0x4)

.rel.dyn        0x0000000008003594        0x0
 .rel.iplt      0x0000000008003594        0x0 d:/st/stm32cubeide_1.6.1/stm32cubeide/plugins/com.st.stm32cube.ide.mcu.externaltools.gnu-tools-for-stm32.9-2020-q2-update.win32_2.0.0.202105311346/tools/bin/../lib/gcc/arm-none-eabi/9.3.1/thumb/v7-m/nofp/crtbegin.o

.ARM.extab      0x0000000008003594        0x0
                0x0000000008003594                . = ALIGN (0x4)
 *(.ARM.extab* .gnu.linkonce.armextab.*)
                0x0000000008003594                . = ALIGN (0x4)

.ARM            0x0000000008003594        0x0
                0x0000000008003594                . = ALIGN (0x4)
                0x0000000008003594                __exidx_start = .
 *(.ARM.exidx*)
                0x0000000008003594                __exidx_end = .
                0x0000000008003594                . = ALIGN (0x4)

.preinit_array  0x0000000008003594        0x0
                0x0000000008003594                . = ALIGN (0x4)
                0x0000000008003594                PROVIDE (__preinit_array_start = .)
 *(.preinit_array*)
                0x0000000008003594                PROVIDE (__preinit_array_end = .)
                0x0000000008003594                . = ALIGN (0x4)

.init_array     0x0000000008003594        0x4
                0x0000000008003594                . = ALIGN (0x4)
                0x0000000008003594                PROVIDE (__init_array_start = .)
 *(SORT_BY_NAME(.init_array.*))
 *(.init_array*)
 .init_array    0x0000000008003594        0x4 d:/st/stm32cubeide_1.6.1/stm32cubeide/plugins/com.st.stm32cube.ide.mcu.externaltools.gnu-tools-for-stm32.9-2020-q2-update.win32_2.0.0.202105311346/tools/bin/../lib/gcc/arm-none-eabi/9.3.1/thumb/v7-m/nofp/crtbegin.o
                0x0000000008003598                PROVIDE (__init_array_end = .)
                0x0000000008003598                . = ALIGN (0x4)

.fini_array     0x0000000008003598        0x4
                0x0000000008003598                . = ALIGN (0x4)
                [!provide]                        PROVIDE (__fini_array_start = .)
 *(SORT_BY_NAME(.fini_array.*))
 *(.fini_array*)
 .fini_array    0x0000000008003598        0x4 d:/st/stm32cubeide_1.6.1/stm32cubeide/plugins/com.st.stm32cube.ide.mcu.externaltools.gnu-tools-for-stm32.9-2020-q2-update.win32_2.0.0.202105311346/tools/bin/../lib/gcc/arm-none-eabi/9.3.1/thumb/v7-m/nofp/crtbegin.o
                [!provide]                        PROVIDE (__fini_array_end = .)
                0x000000000800359c                . = ALIGN (0x4)
                0x000000000800359c                _sidata = LOADADDR (.data)

.data           0x0000000020000000       0xac load address 0x000000000800359c
                0x0000000020000000                . = ALIGN (0x4)
                0x0000000020000000                _sdata = .
 *(.data)
 *(.data*)
 .data.size     0x0000000020000000        0x1 ./Inc/devices/Src/GFX_COLOR.o
                0x0000000020000000                size
 *fill*         0x0000000020000001        0x3 
 .data.hcan1    0x0000000020000004        0x8 ./Inc/mydrivers/Src/stm32f103xx_can.o
                0x0000000020000004                hcan1
 .data.hspi1    0x000000002000000c       0x14 ./Inc/mydrivers/Src/stm32f103xx_spi.o
                0x000000002000000c                hspi1
 .data.husart1  0x0000000020000020       0x14 ./Inc/mydrivers/Src/stm32f103xx_usart.o
                0x0000000020000020                husart1
 .data.husart2  0x0000000020000034       0x14 ./Inc/mydrivers/Src/stm32f103xx_usart.o
                0x0000000020000034                husart2
 .data._impure_ptr
                0x0000000020000048        0x4 d:/st/stm32cubeide_1.6.1/stm32cubeide/plugins/com.st.stm32cube.ide.mcu.externaltools.gnu-tools-for-stm32.9-2020-q2-update.win32_2.0.0.202105311346/tools/bin/../lib/gcc/arm-none-eabi/9.3.1/../../../../arm-none-eabi/lib/thumb/v7-m/nofp\libc_nano.a(lib_a-impure.o)
                0x0000000020000048                _impure_ptr
 .data.impure_data
                0x000000002000004c       0x60 d:/st/stm32cubeide_1.6.1/stm32cubeide/plugins/com.st.stm32cube.ide.mcu.externaltools.gnu-tools-for-stm32.9-2020-q2-update.win32_2.0.0.202105311346/tools/bin/../lib/gcc/arm-none-eabi/9.3.1/../../../../arm-none-eabi/lib/thumb/v7-m/nofp\libc_nano.a(lib_a-impure.o)
 *(.RamFunc)
 *(.RamFunc*)
                0x00000000200000ac                . = ALIGN (0x4)
                0x00000000200000ac                _edata = .

.igot.plt       0x00000000200000ac        0x0 load address 0x0000000008003648
 .igot.plt      0x00000000200000ac        0x0 d:/st/stm32cubeide_1.6.1/stm32cubeide/plugins/com.st.stm32cube.ide.mcu.externaltools.gnu-tools-for-stm32.9-2020-q2-update.win32_2.0.0.202105311346/tools/bin/../lib/gcc/arm-none-eabi/9.3.1/thumb/v7-m/nofp/crtbegin.o
                0x00000000200000ac                . = ALIGN (0x4)

.bss            0x00000000200000ac       0x54 load address 0x0000000008003648
                0x00000000200000ac                _sbss = .
                0x00000000200000ac                __bss_start__ = _sbss
 *(.bss)
 .bss           0x00000000200000ac       0x1c d:/st/stm32cubeide_1.6.1/stm32cubeide/plugins/com.st.stm32cube.ide.mcu.externaltools.gnu-tools-for-stm32.9-2020-q2-update.win32_2.0.0.202105311346/tools/bin/../lib/gcc/arm-none-eabi/9.3.1/thumb/v7-m/nofp/crtbegin.o
 *(.bss*)
 .bss.systick   0x00000000200000c8        0x4 ./Inc/mydrivers/Src/stm32f103xx_systick.o
 .bss.__sbrk_heap_end
                0x00000000200000cc        0x4 ./Src/sysmem.o
 .bss.__malloc_free_list
                0x00000000200000d0        0x4 d:/st/stm32cubeide_1.6.1/stm32cubeide/plugins/com.st.stm32cube.ide.mcu.externaltools.gnu-tools-for-stm32.9-2020-q2-update.win32_2.0.0.202105311346/tools/bin/../lib/gcc/arm-none-eabi/9.3.1/../../../../arm-none-eabi/lib/thumb/v7-m/nofp\libc_nano.a(lib_a-nano-mallocr.o)
                0x00000000200000d0                __malloc_free_list
 .bss.__malloc_sbrk_start
                0x00000000200000d4        0x4 d:/st/stm32cubeide_1.6.1/stm32cubeide/plugins/com.st.stm32cube.ide.mcu.externaltools.gnu-tools-for-stm32.9-2020-q2-update.win32_2.0.0.202105311346/tools/bin/../lib/gcc/arm-none-eabi/9.3.1/../../../../arm-none-eabi/lib/thumb/v7-m/nofp\libc_nano.a(lib_a-nano-mallocr.o)
                0x00000000200000d4                __malloc_sbrk_start
 *(COMMON)
 COMMON         0x00000000200000d8        0x4 ./Inc/devices/Src/GFX_COLOR.o
                0x00000000200000d8                font
 COMMON         0x00000000200000dc        0x4 ./Inc/devices/Src/ILI9341.o
                0x00000000200000dc                Tft_hspi
 COMMON         0x00000000200000e0        0x1 ./Inc/examples/Src/can_example.o
                0x00000000200000e0                send_can_msg
 *fill*         0x00000000200000e1        0x3 
 COMMON         0x00000000200000e4        0xc ./Inc/examples/Src/usart_example.o
                0x00000000200000e4                transmission_counter_usart2
                0x00000000200000e8                start_new_transmit2
                0x00000000200000e9                start_new_transmit1
                0x00000000200000ec                transmission_counter_usart1
 COMMON         0x00000000200000f0        0x4 d:/st/stm32cubeide_1.6.1/stm32cubeide/plugins/com.st.stm32cube.ide.mcu.externaltools.gnu-tools-for-stm32.9-2020-q2-update.win32_2.0.0.202105311346/tools/bin/../lib/gcc/arm-none-eabi/9.3.1/../../../../arm-none-eabi/lib/thumb/v7-m/nofp\libc_nano.a(lib_a-reent.o)
                0x00000000200000f0                errno
 COMMON         0x00000000200000f4        0x9 d:/st/stm32cubeide_1.6.1/stm32cubeide/plugins/com.st.stm32cube.ide.mcu.externaltools.gnu-tools-for-stm32.9-2020-q2-update.win32_2.0.0.202105311346/tools/bin/../lib/gcc/arm-none-eabi/9.3.1/../../../../arm-none-eabi/lib/thumb/v7-m/nofp\libc_nano.a(lib_a-lock.o)
                0x00000000200000f4                __lock___atexit_recursive_mutex
                0x00000000200000f5                __lock___arc4random_mutex
                0x00000000200000f6                __lock___env_recursive_mutex
                0x00000000200000f7                __lock___sinit_recursive_mutex
                0x00000000200000f8                __lock___malloc_recursive_mutex
                0x00000000200000f9                __lock___at_quick_exit_mutex
                0x00000000200000fa                __lock___dd_hash_mutex
                0x00000000200000fb                __lock___tz_mutex
                0x00000000200000fc                __lock___sfp_recursive_mutex
                0x0000000020000100                . = ALIGN (0x4)
 *fill*         0x00000000200000fd        0x3 
                0x0000000020000100                _ebss = .
                0x0000000020000100                __bss_end__ = _ebss

._user_heap_stack
                0x0000000020000100      0x600 load address 0x0000000008003648
                0x0000000020000100                . = ALIGN (0x8)
                [!provide]                        PROVIDE (end = .)
                0x0000000020000100                PROVIDE (_end = .)
                0x0000000020000300                . = (. + _Min_Heap_Size)
 *fill*         0x0000000020000100      0x200 
                0x0000000020000700                . = (. + _Min_Stack_Size)
 *fill*         0x0000000020000300      0x400 
                0x0000000020000700                . = ALIGN (0x8)

/DISCARD/
 libc.a(*)
 libm.a(*)
 libgcc.a(*)

.ARM.attributes
                0x0000000000000000       0x29
 *(.ARM.attributes)
 .ARM.attributes
                0x0000000000000000       0x1d d:/st/stm32cubeide_1.6.1/stm32cubeide/plugins/com.st.stm32cube.ide.mcu.externaltools.gnu-tools-for-stm32.9-2020-q2-update.win32_2.0.0.202105311346/tools/bin/../lib/gcc/arm-none-eabi/9.3.1/thumb/v7-m/nofp/crti.o
 .ARM.attributes
                0x000000000000001d       0x2d d:/st/stm32cubeide_1.6.1/stm32cubeide/plugins/com.st.stm32cube.ide.mcu.externaltools.gnu-tools-for-stm32.9-2020-q2-update.win32_2.0.0.202105311346/tools/bin/../lib/gcc/arm-none-eabi/9.3.1/thumb/v7-m/nofp/crtbegin.o
 .ARM.attributes
                0x000000000000004a       0x2d ./Inc/devices/Src/GFX_COLOR.o
 .ARM.attributes
                0x0000000000000077       0x2d ./Inc/devices/Src/ILI9341.o
 .ARM.attributes
                0x00000000000000a4       0x2d ./Inc/examples/Src/can_example.o
 .ARM.attributes
                0x00000000000000d1       0x2d ./Inc/examples/Src/gpio_example.o
 .ARM.attributes
                0x00000000000000fe       0x2d ./Inc/examples/Src/rcc_example.o
 .ARM.attributes
                0x000000000000012b       0x2d ./Inc/examples/Src/usart_example.o
 .ARM.attributes
                0x0000000000000158       0x2d ./Inc/mydrivers/Src/stm32f103xx_can.o
 .ARM.attributes
                0x0000000000000185       0x2d ./Inc/mydrivers/Src/stm32f103xx_gpio.o
 .ARM.attributes
                0x00000000000001b2       0x2d ./Inc/mydrivers/Src/stm32f103xx_rcc.o
 .ARM.attributes
                0x00000000000001df       0x2d ./Inc/mydrivers/Src/stm32f103xx_spi.o
 .ARM.attributes
                0x000000000000020c       0x2d ./Inc/mydrivers/Src/stm32f103xx_systick.o
 .ARM.attributes
                0x0000000000000239       0x2d ./Inc/mydrivers/Src/stm32f103xx_usart.o
 .ARM.attributes
                0x0000000000000266       0x2d ./Src/main.o
 .ARM.attributes
                0x0000000000000293       0x2d ./Src/sysmem.o
 .ARM.attributes
                0x00000000000002c0       0x2d ./Src/system_stm32f1xx.o
 .ARM.attributes
                0x00000000000002ed       0x21 ./Startup/startup_stm32f103c6tx.o
 .ARM.attributes
                0x000000000000030e       0x2d d:/st/stm32cubeide_1.6.1/stm32cubeide/plugins/com.st.stm32cube.ide.mcu.externaltools.gnu-tools-for-stm32.9-2020-q2-update.win32_2.0.0.202105311346/tools/bin/../lib/gcc/arm-none-eabi/9.3.1/../../../../arm-none-eabi/lib/thumb/v7-m/nofp\libc_nano.a(lib_a-errno.o)
 .ARM.attributes
                0x000000000000033b       0x2d d:/st/stm32cubeide_1.6.1/stm32cubeide/plugins/com.st.stm32cube.ide.mcu.externaltools.gnu-tools-for-stm32.9-2020-q2-update.win32_2.0.0.202105311346/tools/bin/../lib/gcc/arm-none-eabi/9.3.1/../../../../arm-none-eabi/lib/thumb/v7-m/nofp\libc_nano.a(lib_a-impure.o)
 .ARM.attributes
                0x0000000000000368       0x2d d:/st/stm32cubeide_1.6.1/stm32cubeide/plugins/com.st.stm32cube.ide.mcu.externaltools.gnu-tools-for-stm32.9-2020-q2-update.win32_2.0.0.202105311346/tools/bin/../lib/gcc/arm-none-eabi/9.3.1/../../../../arm-none-eabi/lib/thumb/v7-m/nofp\libc_nano.a(lib_a-init.o)
 .ARM.attributes
                0x0000000000000395       0x2d d:/st/stm32cubeide_1.6.1/stm32cubeide/plugins/com.st.stm32cube.ide.mcu.externaltools.gnu-tools-for-stm32.9-2020-q2-update.win32_2.0.0.202105311346/tools/bin/../lib/gcc/arm-none-eabi/9.3.1/../../../../arm-none-eabi/lib/thumb/v7-m/nofp\libc_nano.a(lib_a-sprintf.o)
 .ARM.attributes
                0x00000000000003c2       0x2d d:/st/stm32cubeide_1.6.1/stm32cubeide/plugins/com.st.stm32cube.ide.mcu.externaltools.gnu-tools-for-stm32.9-2020-q2-update.win32_2.0.0.202105311346/tools/bin/../lib/gcc/arm-none-eabi/9.3.1/../../../../arm-none-eabi/lib/thumb/v7-m/nofp\libc_nano.a(lib_a-nano-svfprintf.o)
 .ARM.attributes
                0x00000000000003ef       0x2d d:/st/stm32cubeide_1.6.1/stm32cubeide/plugins/com.st.stm32cube.ide.mcu.externaltools.gnu-tools-for-stm32.9-2020-q2-update.win32_2.0.0.202105311346/tools/bin/../lib/gcc/arm-none-eabi/9.3.1/../../../../arm-none-eabi/lib/thumb/v7-m/nofp\libc_nano.a(lib_a-nano-vfprintf_i.o)
 .ARM.attributes
                0x000000000000041c       0x2d d:/st/stm32cubeide_1.6.1/stm32cubeide/plugins/com.st.stm32cube.ide.mcu.externaltools.gnu-tools-for-stm32.9-2020-q2-update.win32_2.0.0.202105311346/tools/bin/../lib/gcc/arm-none-eabi/9.3.1/../../../../arm-none-eabi/lib/thumb/v7-m/nofp\libc_nano.a(lib_a-memchr-stub.o)
 .ARM.attributes
                0x0000000000000449       0x2d d:/st/stm32cubeide_1.6.1/stm32cubeide/plugins/com.st.stm32cube.ide.mcu.externaltools.gnu-tools-for-stm32.9-2020-q2-update.win32_2.0.0.202105311346/tools/bin/../lib/gcc/arm-none-eabi/9.3.1/../../../../arm-none-eabi/lib/thumb/v7-m/nofp\libc_nano.a(lib_a-memcpy-stub.o)
 .ARM.attributes
                0x0000000000000476       0x2d d:/st/stm32cubeide_1.6.1/stm32cubeide/plugins/com.st.stm32cube.ide.mcu.externaltools.gnu-tools-for-stm32.9-2020-q2-update.win32_2.0.0.202105311346/tools/bin/../lib/gcc/arm-none-eabi/9.3.1/../../../../arm-none-eabi/lib/thumb/v7-m/nofp\libc_nano.a(lib_a-memmove.o)
 .ARM.attributes
                0x00000000000004a3       0x2d d:/st/stm32cubeide_1.6.1/stm32cubeide/plugins/com.st.stm32cube.ide.mcu.externaltools.gnu-tools-for-stm32.9-2020-q2-update.win32_2.0.0.202105311346/tools/bin/../lib/gcc/arm-none-eabi/9.3.1/../../../../arm-none-eabi/lib/thumb/v7-m/nofp\libc_nano.a(lib_a-nano-freer.o)
 .ARM.attributes
                0x00000000000004d0       0x2d d:/st/stm32cubeide_1.6.1/stm32cubeide/plugins/com.st.stm32cube.ide.mcu.externaltools.gnu-tools-for-stm32.9-2020-q2-update.win32_2.0.0.202105311346/tools/bin/../lib/gcc/arm-none-eabi/9.3.1/../../../../arm-none-eabi/lib/thumb/v7-m/nofp\libc_nano.a(lib_a-nano-mallocr.o)
 .ARM.attributes
                0x00000000000004fd       0x2d d:/st/stm32cubeide_1.6.1/stm32cubeide/plugins/com.st.stm32cube.ide.mcu.externaltools.gnu-tools-for-stm32.9-2020-q2-update.win32_2.0.0.202105311346/tools/bin/../lib/gcc/arm-none-eabi/9.3.1/../../../../arm-none-eabi/lib/thumb/v7-m/nofp\libc_nano.a(lib_a-nano-reallocr.o)
 .ARM.attributes
                0x000000000000052a       0x2d d:/st/stm32cubeide_1.6.1/stm32cubeide/plugins/com.st.stm32cube.ide.mcu.externaltools.gnu-tools-for-stm32.9-2020-q2-update.win32_2.0.0.202105311346/tools/bin/../lib/gcc/arm-none-eabi/9.3.1/../../../../arm-none-eabi/lib/thumb/v7-m/nofp\libc_nano.a(lib_a-sbrkr.o)
 .ARM.attributes
                0x0000000000000557       0x2d d:/st/stm32cubeide_1.6.1/stm32cubeide/plugins/com.st.stm32cube.ide.mcu.externaltools.gnu-tools-for-stm32.9-2020-q2-update.win32_2.0.0.202105311346/tools/bin/../lib/gcc/arm-none-eabi/9.3.1/../../../../arm-none-eabi/lib/thumb/v7-m/nofp\libc_nano.a(lib_a-mlock.o)
 .ARM.attributes
                0x0000000000000584       0x2d d:/st/stm32cubeide_1.6.1/stm32cubeide/plugins/com.st.stm32cube.ide.mcu.externaltools.gnu-tools-for-stm32.9-2020-q2-update.win32_2.0.0.202105311346/tools/bin/../lib/gcc/arm-none-eabi/9.3.1/../../../../arm-none-eabi/lib/thumb/v7-m/nofp\libc_nano.a(lib_a-nano-msizer.o)
 .ARM.attributes
                0x00000000000005b1       0x2d d:/st/stm32cubeide_1.6.1/stm32cubeide/plugins/com.st.stm32cube.ide.mcu.externaltools.gnu-tools-for-stm32.9-2020-q2-update.win32_2.0.0.202105311346/tools/bin/../lib/gcc/arm-none-eabi/9.3.1/../../../../arm-none-eabi/lib/thumb/v7-m/nofp\libc_nano.a(lib_a-reent.o)
 .ARM.attributes
                0x00000000000005de       0x2d d:/st/stm32cubeide_1.6.1/stm32cubeide/plugins/com.st.stm32cube.ide.mcu.externaltools.gnu-tools-for-stm32.9-2020-q2-update.win32_2.0.0.202105311346/tools/bin/../lib/gcc/arm-none-eabi/9.3.1/../../../../arm-none-eabi/lib/thumb/v7-m/nofp\libc_nano.a(lib_a-lock.o)
 .ARM.attributes
                0x000000000000060b       0x1d d:/st/stm32cubeide_1.6.1/stm32cubeide/plugins/com.st.stm32cube.ide.mcu.externaltools.gnu-tools-for-stm32.9-2020-q2-update.win32_2.0.0.202105311346/tools/bin/../lib/gcc/arm-none-eabi/9.3.1/thumb/v7-m/nofp/crtn.o
OUTPUT(cmsis_stm32f103c6t6_mylibs.elf elf32-littlearm)
LOAD linker stubs
LOAD d:/st/stm32cubeide_1.6.1/stm32cubeide/plugins/com.st.stm32cube.ide.mcu.externaltools.gnu-tools-for-stm32.9-2020-q2-update.win32_2.0.0.202105311346/tools/bin/../lib/gcc/arm-none-eabi/9.3.1/../../../../arm-none-eabi/lib/thumb/v7-m/nofp\libc.a
LOAD d:/st/stm32cubeide_1.6.1/stm32cubeide/plugins/com.st.stm32cube.ide.mcu.externaltools.gnu-tools-for-stm32.9-2020-q2-update.win32_2.0.0.202105311346/tools/bin/../lib/gcc/arm-none-eabi/9.3.1/../../../../arm-none-eabi/lib/thumb/v7-m/nofp\libm.a
LOAD d:/st/stm32cubeide_1.6.1/stm32cubeide/plugins/com.st.stm32cube.ide.mcu.externaltools.gnu-tools-for-stm32.9-2020-q2-update.win32_2.0.0.202105311346/tools/bin/../lib/gcc/arm-none-eabi/9.3.1/thumb/v7-m/nofp\libgcc.a

.debug_info     0x0000000000000000     0xa35f
 .debug_info    0x0000000000000000     0x16e7 ./Inc/devices/Src/GFX_COLOR.o
 .debug_info    0x00000000000016e7      0x7d1 ./Inc/devices/Src/ILI9341.o
 .debug_info    0x0000000000001eb8     0x17ec ./Inc/examples/Src/can_example.o
 .debug_info    0x00000000000036a4      0x29a ./Inc/examples/Src/gpio_example.o
 .debug_info    0x000000000000393e      0x305 ./Inc/examples/Src/rcc_example.o
 .debug_info    0x0000000000003c43      0x647 ./Inc/examples/Src/usart_example.o
 .debug_info    0x000000000000428a     0x1383 ./Inc/mydrivers/Src/stm32f103xx_can.o
 .debug_info    0x000000000000560d      0xcdf ./Inc/mydrivers/Src/stm32f103xx_gpio.o
 .debug_info    0x00000000000062ec      0x67c ./Inc/mydrivers/Src/stm32f103xx_rcc.o
 .debug_info    0x0000000000006968     0x1024 ./Inc/mydrivers/Src/stm32f103xx_spi.o
 .debug_info    0x000000000000798c      0x6e4 ./Inc/mydrivers/Src/stm32f103xx_systick.o
 .debug_info    0x0000000000008070     0x15c2 ./Inc/mydrivers/Src/stm32f103xx_usart.o
 .debug_info    0x0000000000009632       0x86 ./Src/main.o
 .debug_info    0x00000000000096b8      0xa25 ./Src/sysmem.o
 .debug_info    0x000000000000a0dd      0x260 ./Src/system_stm32f1xx.o
 .debug_info    0x000000000000a33d       0x22 ./Startup/startup_stm32f103c6tx.o

.debug_abbrev   0x0000000000000000     0x1f61
 .debug_abbrev  0x0000000000000000      0x2f0 ./Inc/devices/Src/GFX_COLOR.o
 .debug_abbrev  0x00000000000002f0      0x20f ./Inc/devices/Src/ILI9341.o
 .debug_abbrev  0x00000000000004ff      0x2a3 ./Inc/examples/Src/can_example.o
 .debug_abbrev  0x00000000000007a2      0x116 ./Inc/examples/Src/gpio_example.o
 .debug_abbrev  0x00000000000008b8      0x109 ./Inc/examples/Src/rcc_example.o
 .debug_abbrev  0x00000000000009c1      0x19b ./Inc/examples/Src/usart_example.o
 .debug_abbrev  0x0000000000000b5c      0x3b7 ./Inc/mydrivers/Src/stm32f103xx_can.o
 .debug_abbrev  0x0000000000000f13      0x2d2 ./Inc/mydrivers/Src/stm32f103xx_gpio.o
 .debug_abbrev  0x00000000000011e5      0x21e ./Inc/mydrivers/Src/stm32f103xx_rcc.o
 .debug_abbrev  0x0000000000001403      0x27c ./Inc/mydrivers/Src/stm32f103xx_spi.o
 .debug_abbrev  0x000000000000167f      0x1fc ./Inc/mydrivers/Src/stm32f103xx_systick.o
 .debug_abbrev  0x000000000000187b      0x37e ./Inc/mydrivers/Src/stm32f103xx_usart.o
 .debug_abbrev  0x0000000000001bf9       0x49 ./Src/main.o
 .debug_abbrev  0x0000000000001c42      0x1bf ./Src/sysmem.o
 .debug_abbrev  0x0000000000001e01      0x14e ./Src/system_stm32f1xx.o
 .debug_abbrev  0x0000000000001f4f       0x12 ./Startup/startup_stm32f103c6tx.o

.debug_aranges  0x0000000000000000      0x628
 .debug_aranges
                0x0000000000000000       0xc8 ./Inc/devices/Src/GFX_COLOR.o
 .debug_aranges
                0x00000000000000c8       0x78 ./Inc/devices/Src/ILI9341.o
 .debug_aranges
                0x0000000000000140       0x48 ./Inc/examples/Src/can_example.o
 .debug_aranges
                0x0000000000000188       0x20 ./Inc/examples/Src/gpio_example.o
 .debug_aranges
                0x00000000000001a8       0x28 ./Inc/examples/Src/rcc_example.o
 .debug_aranges
                0x00000000000001d0       0x40 ./Inc/examples/Src/usart_example.o
 .debug_aranges
                0x0000000000000210      0x108 ./Inc/mydrivers/Src/stm32f103xx_can.o
 .debug_aranges
                0x0000000000000318       0xe8 ./Inc/mydrivers/Src/stm32f103xx_gpio.o
 .debug_aranges
                0x0000000000000400       0x78 ./Inc/mydrivers/Src/stm32f103xx_rcc.o
 .debug_aranges
                0x0000000000000478       0x48 ./Inc/mydrivers/Src/stm32f103xx_spi.o
 .debug_aranges
                0x00000000000004c0       0x48 ./Inc/mydrivers/Src/stm32f103xx_systick.o
 .debug_aranges
                0x0000000000000508       0x90 ./Inc/mydrivers/Src/stm32f103xx_usart.o
 .debug_aranges
                0x0000000000000598       0x20 ./Src/main.o
 .debug_aranges
                0x00000000000005b8       0x20 ./Src/sysmem.o
 .debug_aranges
                0x00000000000005d8       0x28 ./Src/system_stm32f1xx.o
 .debug_aranges
                0x0000000000000600       0x28 ./Startup/startup_stm32f103c6tx.o

.debug_ranges   0x0000000000000000      0x530
 .debug_ranges  0x0000000000000000       0xb8 ./Inc/devices/Src/GFX_COLOR.o
 .debug_ranges  0x00000000000000b8       0x68 ./Inc/devices/Src/ILI9341.o
 .debug_ranges  0x0000000000000120       0x38 ./Inc/examples/Src/can_example.o
 .debug_ranges  0x0000000000000158       0x10 ./Inc/examples/Src/gpio_example.o
 .debug_ranges  0x0000000000000168       0x18 ./Inc/examples/Src/rcc_example.o
 .debug_ranges  0x0000000000000180       0x30 ./Inc/examples/Src/usart_example.o
 .debug_ranges  0x00000000000001b0       0xf8 ./Inc/mydrivers/Src/stm32f103xx_can.o
 .debug_ranges  0x00000000000002a8       0xd8 ./Inc/mydrivers/Src/stm32f103xx_gpio.o
 .debug_ranges  0x0000000000000380       0x68 ./Inc/mydrivers/Src/stm32f103xx_rcc.o
 .debug_ranges  0x00000000000003e8       0x38 ./Inc/mydrivers/Src/stm32f103xx_spi.o
 .debug_ranges  0x0000000000000420       0x38 ./Inc/mydrivers/Src/stm32f103xx_systick.o
 .debug_ranges  0x0000000000000458       0x80 ./Inc/mydrivers/Src/stm32f103xx_usart.o
 .debug_ranges  0x00000000000004d8       0x10 ./Src/main.o
 .debug_ranges  0x00000000000004e8       0x10 ./Src/sysmem.o
 .debug_ranges  0x00000000000004f8       0x18 ./Src/system_stm32f1xx.o
 .debug_ranges  0x0000000000000510       0x20 ./Startup/startup_stm32f103c6tx.o

.debug_macro    0x0000000000000000    0x1252f
 .debug_macro   0x0000000000000000      0x1d1 ./Inc/devices/Src/GFX_COLOR.o
 .debug_macro   0x00000000000001d1      0xaa2 ./Inc/devices/Src/GFX_COLOR.o
 .debug_macro   0x0000000000000c73       0x2e ./Inc/devices/Src/GFX_COLOR.o
 .debug_macro   0x0000000000000ca1       0x22 ./Inc/devices/Src/GFX_COLOR.o
 .debug_macro   0x0000000000000cc3       0x22 ./Inc/devices/Src/GFX_COLOR.o
 .debug_macro   0x0000000000000ce5       0x8e ./Inc/devices/Src/GFX_COLOR.o
 .debug_macro   0x0000000000000d73       0x51 ./Inc/devices/Src/GFX_COLOR.o
 .debug_macro   0x0000000000000dc4      0x103 ./Inc/devices/Src/GFX_COLOR.o
 .debug_macro   0x0000000000000ec7       0x6a ./Inc/devices/Src/GFX_COLOR.o
 .debug_macro   0x0000000000000f31      0x1df ./Inc/devices/Src/GFX_COLOR.o
 .debug_macro   0x0000000000001110       0x1c ./Inc/devices/Src/GFX_COLOR.o
 .debug_macro   0x000000000000112c       0x22 ./Inc/devices/Src/GFX_COLOR.o
 .debug_macro   0x000000000000114e       0xc3 ./Inc/devices/Src/GFX_COLOR.o
 .debug_macro   0x0000000000001211      0xd23 ./Inc/devices/Src/GFX_COLOR.o
 .debug_macro   0x0000000000001f34     0xde75 ./Inc/devices/Src/GFX_COLOR.o
 .debug_macro   0x000000000000fda9       0x6d ./Inc/devices/Src/GFX_COLOR.o
 .debug_macro   0x000000000000fe16       0x16 ./Inc/devices/Src/GFX_COLOR.o
 .debug_macro   0x000000000000fe2c       0x22 ./Inc/devices/Src/GFX_COLOR.o
 .debug_macro   0x000000000000fe4e       0x10 ./Inc/devices/Src/GFX_COLOR.o
 .debug_macro   0x000000000000fe5e      0x225 ./Inc/devices/Src/GFX_COLOR.o
 .debug_macro   0x0000000000010083       0x82 ./Inc/devices/Src/GFX_COLOR.o
 .debug_macro   0x0000000000010105       0x18 ./Inc/devices/Src/GFX_COLOR.o
 .debug_macro   0x000000000001011d       0x52 ./Inc/devices/Src/GFX_COLOR.o
 .debug_macro   0x000000000001016f       0x3c ./Inc/devices/Src/GFX_COLOR.o
 .debug_macro   0x00000000000101ab       0x34 ./Inc/devices/Src/GFX_COLOR.o
 .debug_macro   0x00000000000101df       0x16 ./Inc/devices/Src/GFX_COLOR.o
 .debug_macro   0x00000000000101f5      0x10e ./Inc/devices/Src/GFX_COLOR.o
 .debug_macro   0x0000000000010303       0x8d ./Inc/devices/Src/GFX_COLOR.o
 .debug_macro   0x0000000000010390       0x16 ./Inc/devices/Src/GFX_COLOR.o
 .debug_macro   0x00000000000103a6       0x43 ./Inc/devices/Src/GFX_COLOR.o
 .debug_macro   0x00000000000103e9       0x34 ./Inc/devices/Src/GFX_COLOR.o
 .debug_macro   0x000000000001041d       0x10 ./Inc/devices/Src/GFX_COLOR.o
 .debug_macro   0x000000000001042d       0x58 ./Inc/devices/Src/GFX_COLOR.o
 .debug_macro   0x0000000000010485       0x71 ./Inc/devices/Src/GFX_COLOR.o
 .debug_macro   0x00000000000104f6       0x1c ./Inc/devices/Src/GFX_COLOR.o
 .debug_macro   0x0000000000010512      0x12a ./Inc/devices/Src/GFX_COLOR.o
 .debug_macro   0x000000000001063c      0x333 ./Inc/devices/Src/GFX_COLOR.o
 .debug_macro   0x000000000001096f       0x16 ./Inc/devices/Src/GFX_COLOR.o
 .debug_macro   0x0000000000010985       0x29 ./Inc/devices/Src/GFX_COLOR.o
 .debug_macro   0x00000000000109ae       0xf5 ./Inc/devices/Src/ILI9341.o
 .debug_macro   0x0000000000010aa3       0x1c ./Inc/devices/Src/ILI9341.o
 .debug_macro   0x0000000000010abf      0x2e1 ./Inc/examples/Src/can_example.o
 .debug_macro   0x0000000000010da0       0x16 ./Inc/examples/Src/can_example.o
 .debug_macro   0x0000000000010db6       0x9c ./Inc/examples/Src/can_example.o
 .debug_macro   0x0000000000010e52       0x16 ./Inc/examples/Src/can_example.o
 .debug_macro   0x0000000000010e68      0x22b ./Inc/examples/Src/can_example.o
 .debug_macro   0x0000000000011093       0x10 ./Inc/examples/Src/can_example.o
 .debug_macro   0x00000000000110a3      0x174 ./Inc/examples/Src/can_example.o
 .debug_macro   0x0000000000011217       0x10 ./Inc/examples/Src/can_example.o
 .debug_macro   0x0000000000011227       0x35 ./Inc/examples/Src/can_example.o
 .debug_macro   0x000000000001125c       0x20 ./Inc/examples/Src/can_example.o
 .debug_macro   0x000000000001127c       0x1c ./Inc/examples/Src/can_example.o
 .debug_macro   0x0000000000011298       0x10 ./Inc/examples/Src/can_example.o
 .debug_macro   0x00000000000112a8       0x10 ./Inc/examples/Src/can_example.o
 .debug_macro   0x00000000000112b8       0x1c ./Inc/examples/Src/can_example.o
 .debug_macro   0x00000000000112d4       0x52 ./Inc/examples/Src/can_example.o
 .debug_macro   0x0000000000011326       0x22 ./Inc/examples/Src/can_example.o
 .debug_macro   0x0000000000011348       0x10 ./Inc/examples/Src/can_example.o
 .debug_macro   0x0000000000011358       0x40 ./Inc/examples/Src/can_example.o
 .debug_macro   0x0000000000011398       0xd5 ./Inc/examples/Src/can_example.o
 .debug_macro   0x000000000001146d       0x1c ./Inc/examples/Src/can_example.o
 .debug_macro   0x0000000000011489       0x3d ./Inc/examples/Src/can_example.o
 .debug_macro   0x00000000000114c6       0x16 ./Inc/examples/Src/can_example.o
 .debug_macro   0x00000000000114dc      0x145 ./Inc/examples/Src/can_example.o
 .debug_macro   0x0000000000011621       0xe9 ./Inc/examples/Src/gpio_example.o
 .debug_macro   0x000000000001170a       0xe0 ./Inc/examples/Src/rcc_example.o
 .debug_macro   0x00000000000117ea       0x96 ./Inc/examples/Src/rcc_example.o
 .debug_macro   0x0000000000011880       0xfa ./Inc/examples/Src/usart_example.o
 .debug_macro   0x000000000001197a       0x1c ./Inc/examples/Src/usart_example.o
 .debug_macro   0x0000000000011996       0xf8 ./Inc/mydrivers/Src/stm32f103xx_can.o
 .debug_macro   0x0000000000011a8e       0x10 ./Inc/mydrivers/Src/stm32f103xx_can.o
 .debug_macro   0x0000000000011a9e       0xec ./Inc/mydrivers/Src/stm32f103xx_gpio.o
 .debug_macro   0x0000000000011b8a       0xca ./Inc/mydrivers/Src/stm32f103xx_rcc.o
 .debug_macro   0x0000000000011c54      0x1a8 ./Inc/mydrivers/Src/stm32f103xx_spi.o
 .debug_macro   0x0000000000011dfc       0xce ./Inc/mydrivers/Src/stm32f103xx_systick.o
 .debug_macro   0x0000000000011eca      0x1af ./Inc/mydrivers/Src/stm32f103xx_usart.o
 .debug_macro   0x0000000000012079       0x16 ./Inc/mydrivers/Src/stm32f103xx_usart.o
 .debug_macro   0x000000000001208f       0x9f ./Src/main.o
 .debug_macro   0x000000000001212e       0xff ./Src/sysmem.o
 .debug_macro   0x000000000001222d      0x23b ./Src/sysmem.o
 .debug_macro   0x0000000000012468       0xc7 ./Src/system_stm32f1xx.o

.debug_line     0x0000000000000000     0x71c5
 .debug_line    0x0000000000000000      0xc42 ./Inc/devices/Src/GFX_COLOR.o
 .debug_line    0x0000000000000c42      0x6df ./Inc/devices/Src/ILI9341.o
 .debug_line    0x0000000000001321      0x9ff ./Inc/examples/Src/can_example.o
 .debug_line    0x0000000000001d20      0x4c2 ./Inc/examples/Src/gpio_example.o
 .debug_line    0x00000000000021e2      0x4c1 ./Inc/examples/Src/rcc_example.o
 .debug_line    0x00000000000026a3      0x5f0 ./Inc/examples/Src/usart_example.o
 .debug_line    0x0000000000002c93      0xd93 ./Inc/mydrivers/Src/stm32f103xx_can.o
 .debug_line    0x0000000000003a26      0xaad ./Inc/mydrivers/Src/stm32f103xx_gpio.o
 .debug_line    0x00000000000044d3      0x765 ./Inc/mydrivers/Src/stm32f103xx_rcc.o
 .debug_line    0x0000000000004c38      0x7e6 ./Inc/mydrivers/Src/stm32f103xx_spi.o
 .debug_line    0x000000000000541e      0x580 ./Inc/mydrivers/Src/stm32f103xx_systick.o
 .debug_line    0x000000000000599e      0x9d6 ./Inc/mydrivers/Src/stm32f103xx_usart.o
 .debug_line    0x0000000000006374      0x407 ./Src/main.o
 .debug_line    0x000000000000677b      0x4f3 ./Src/sysmem.o
 .debug_line    0x0000000000006c6e      0x4d3 ./Src/system_stm32f1xx.o
 .debug_line    0x0000000000007141       0x84 ./Startup/startup_stm32f103c6tx.o

.debug_str      0x0000000000000000    0x5bad2
 .debug_str     0x0000000000000000    0x575c0 ./Inc/devices/Src/GFX_COLOR.o
                                      0x57949 (size before relaxing)
 .debug_str     0x00000000000575c0      0x227 ./Inc/devices/Src/ILI9341.o
                                      0x541e4 (size before relaxing)
 .debug_str     0x00000000000577e7     0x1fc2 ./Inc/examples/Src/can_example.o
                                      0x596f7 (size before relaxing)
 .debug_str     0x00000000000597a9       0x7a ./Inc/examples/Src/gpio_example.o
                                      0x53c51 (size before relaxing)
 .debug_str     0x0000000000059823      0x3a8 ./Inc/examples/Src/rcc_example.o
                                      0x53dac (size before relaxing)
 .debug_str     0x0000000000059bcb      0x3c4 ./Inc/examples/Src/usart_example.o
                                      0x541b2 (size before relaxing)
 .debug_str     0x0000000000059f8f      0x6a3 ./Inc/mydrivers/Src/stm32f103xx_can.o
                                      0x549c3 (size before relaxing)
 .debug_str     0x000000000005a632      0x275 ./Inc/mydrivers/Src/stm32f103xx_gpio.o
                                      0x54384 (size before relaxing)
 .debug_str     0x000000000005a8a7      0x1a7 ./Inc/mydrivers/Src/stm32f103xx_rcc.o
                                      0x53f10 (size before relaxing)
 .debug_str     0x000000000005aa4e      0x8a0 ./Inc/mydrivers/Src/stm32f103xx_spi.o
                                      0x57daf (size before relaxing)
 .debug_str     0x000000000005b2ee       0xbe ./Inc/mydrivers/Src/stm32f103xx_systick.o
                                      0x53e36 (size before relaxing)
 .debug_str     0x000000000005b3ac      0x14b ./Inc/mydrivers/Src/stm32f103xx_usart.o
                                      0x581ec (size before relaxing)
 .debug_str     0x000000000005b4f7       0x4d ./Src/main.o
                                       0x3d4f (size before relaxing)
 .debug_str     0x000000000005b544      0x4e4 ./Src/sysmem.o
                                       0x626d (size before relaxing)
 .debug_str     0x000000000005ba28       0x79 ./Src/system_stm32f1xx.o
                                      0x534ed (size before relaxing)
 .debug_str     0x000000000005baa1       0x31 ./Startup/startup_stm32f103c6tx.o
                                         0x7e (size before relaxing)

.comment        0x0000000000000000       0x53
 .comment       0x0000000000000000       0x53 ./Inc/devices/Src/GFX_COLOR.o
                                         0x54 (size before relaxing)
 .comment       0x0000000000000053       0x54 ./Inc/devices/Src/ILI9341.o
 .comment       0x0000000000000053       0x54 ./Inc/examples/Src/can_example.o
 .comment       0x0000000000000053       0x54 ./Inc/examples/Src/gpio_example.o
 .comment       0x0000000000000053       0x54 ./Inc/examples/Src/rcc_example.o
 .comment       0x0000000000000053       0x54 ./Inc/examples/Src/usart_example.o
 .comment       0x0000000000000053       0x54 ./Inc/mydrivers/Src/stm32f103xx_can.o
 .comment       0x0000000000000053       0x54 ./Inc/mydrivers/Src/stm32f103xx_gpio.o
 .comment       0x0000000000000053       0x54 ./Inc/mydrivers/Src/stm32f103xx_rcc.o
 .comment       0x0000000000000053       0x54 ./Inc/mydrivers/Src/stm32f103xx_spi.o
 .comment       0x0000000000000053       0x54 ./Inc/mydrivers/Src/stm32f103xx_systick.o
 .comment       0x0000000000000053       0x54 ./Inc/mydrivers/Src/stm32f103xx_usart.o
 .comment       0x0000000000000053       0x54 ./Src/main.o
 .comment       0x0000000000000053       0x54 ./Src/sysmem.o
 .comment       0x0000000000000053       0x54 ./Src/system_stm32f1xx.o

.debug_frame    0x0000000000000000     0x19e4
 .debug_frame   0x0000000000000000      0x334 ./Inc/devices/Src/GFX_COLOR.o
 .debug_frame   0x0000000000000334      0x1c8 ./Inc/devices/Src/ILI9341.o
 .debug_frame   0x00000000000004fc       0xd8 ./Inc/examples/Src/can_example.o
 .debug_frame   0x00000000000005d4       0x34 ./Inc/examples/Src/gpio_example.o
 .debug_frame   0x0000000000000608       0x58 ./Inc/examples/Src/rcc_example.o
 .debug_frame   0x0000000000000660       0xc0 ./Inc/examples/Src/usart_example.o
 .debug_frame   0x0000000000000720      0x440 ./Inc/mydrivers/Src/stm32f103xx_can.o
 .debug_frame   0x0000000000000b60      0x3a0 ./Inc/mydrivers/Src/stm32f103xx_gpio.o
 .debug_frame   0x0000000000000f00      0x1d4 ./Inc/mydrivers/Src/stm32f103xx_rcc.o
 .debug_frame   0x00000000000010d4       0xf0 ./Inc/mydrivers/Src/stm32f103xx_spi.o
 .debug_frame   0x00000000000011c4       0xe4 ./Inc/mydrivers/Src/stm32f103xx_systick.o
 .debug_frame   0x00000000000012a8      0x238 ./Inc/mydrivers/Src/stm32f103xx_usart.o
 .debug_frame   0x00000000000014e0       0x2c ./Src/main.o
 .debug_frame   0x000000000000150c       0x34 ./Src/sysmem.o
 .debug_frame   0x0000000000001540       0x58 ./Src/system_stm32f1xx.o
 .debug_frame   0x0000000000001598       0x20 d:/st/stm32cubeide_1.6.1/stm32cubeide/plugins/com.st.stm32cube.ide.mcu.externaltools.gnu-tools-for-stm32.9-2020-q2-update.win32_2.0.0.202105311346/tools/bin/../lib/gcc/arm-none-eabi/9.3.1/../../../../arm-none-eabi/lib/thumb/v7-m/nofp\libc_nano.a(lib_a-errno.o)
 .debug_frame   0x00000000000015b8       0x2c d:/st/stm32cubeide_1.6.1/stm32cubeide/plugins/com.st.stm32cube.ide.mcu.externaltools.gnu-tools-for-stm32.9-2020-q2-update.win32_2.0.0.202105311346/tools/bin/../lib/gcc/arm-none-eabi/9.3.1/../../../../arm-none-eabi/lib/thumb/v7-m/nofp\libc_nano.a(lib_a-init.o)
 .debug_frame   0x00000000000015e4       0x6c d:/st/stm32cubeide_1.6.1/stm32cubeide/plugins/com.st.stm32cube.ide.mcu.externaltools.gnu-tools-for-stm32.9-2020-q2-update.win32_2.0.0.202105311346/tools/bin/../lib/gcc/arm-none-eabi/9.3.1/../../../../arm-none-eabi/lib/thumb/v7-m/nofp\libc_nano.a(lib_a-sprintf.o)
 .debug_frame   0x0000000000001650       0x90 d:/st/stm32cubeide_1.6.1/stm32cubeide/plugins/com.st.stm32cube.ide.mcu.externaltools.gnu-tools-for-stm32.9-2020-q2-update.win32_2.0.0.202105311346/tools/bin/../lib/gcc/arm-none-eabi/9.3.1/../../../../arm-none-eabi/lib/thumb/v7-m/nofp\libc_nano.a(lib_a-nano-svfprintf.o)
 .debug_frame   0x00000000000016e0       0x60 d:/st/stm32cubeide_1.6.1/stm32cubeide/plugins/com.st.stm32cube.ide.mcu.externaltools.gnu-tools-for-stm32.9-2020-q2-update.win32_2.0.0.202105311346/tools/bin/../lib/gcc/arm-none-eabi/9.3.1/../../../../arm-none-eabi/lib/thumb/v7-m/nofp\libc_nano.a(lib_a-nano-vfprintf_i.o)
 .debug_frame   0x0000000000001740       0x28 d:/st/stm32cubeide_1.6.1/stm32cubeide/plugins/com.st.stm32cube.ide.mcu.externaltools.gnu-tools-for-stm32.9-2020-q2-update.win32_2.0.0.202105311346/tools/bin/../lib/gcc/arm-none-eabi/9.3.1/../../../../arm-none-eabi/lib/thumb/v7-m/nofp\libc_nano.a(lib_a-memchr-stub.o)
 .debug_frame   0x0000000000001768       0x28 d:/st/stm32cubeide_1.6.1/stm32cubeide/plugins/com.st.stm32cube.ide.mcu.externaltools.gnu-tools-for-stm32.9-2020-q2-update.win32_2.0.0.202105311346/tools/bin/../lib/gcc/arm-none-eabi/9.3.1/../../../../arm-none-eabi/lib/thumb/v7-m/nofp\libc_nano.a(lib_a-memcpy-stub.o)
 .debug_frame   0x0000000000001790       0x28 d:/st/stm32cubeide_1.6.1/stm32cubeide/plugins/com.st.stm32cube.ide.mcu.externaltools.gnu-tools-for-stm32.9-2020-q2-update.win32_2.0.0.202105311346/tools/bin/../lib/gcc/arm-none-eabi/9.3.1/../../../../arm-none-eabi/lib/thumb/v7-m/nofp\libc_nano.a(lib_a-memmove.o)
 .debug_frame   0x00000000000017b8       0x38 d:/st/stm32cubeide_1.6.1/stm32cubeide/plugins/com.st.stm32cube.ide.mcu.externaltools.gnu-tools-for-stm32.9-2020-q2-update.win32_2.0.0.202105311346/tools/bin/../lib/gcc/arm-none-eabi/9.3.1/../../../../arm-none-eabi/lib/thumb/v7-m/nofp\libc_nano.a(lib_a-nano-freer.o)
 .debug_frame   0x00000000000017f0       0x30 d:/st/stm32cubeide_1.6.1/stm32cubeide/plugins/com.st.stm32cube.ide.mcu.externaltools.gnu-tools-for-stm32.9-2020-q2-update.win32_2.0.0.202105311346/tools/bin/../lib/gcc/arm-none-eabi/9.3.1/../../../../arm-none-eabi/lib/thumb/v7-m/nofp\libc_nano.a(lib_a-nano-mallocr.o)
 .debug_frame   0x0000000000001820       0x3c d:/st/stm32cubeide_1.6.1/stm32cubeide/plugins/com.st.stm32cube.ide.mcu.externaltools.gnu-tools-for-stm32.9-2020-q2-update.win32_2.0.0.202105311346/tools/bin/../lib/gcc/arm-none-eabi/9.3.1/../../../../arm-none-eabi/lib/thumb/v7-m/nofp\libc_nano.a(lib_a-nano-reallocr.o)
 .debug_frame   0x000000000000185c       0x2c d:/st/stm32cubeide_1.6.1/stm32cubeide/plugins/com.st.stm32cube.ide.mcu.externaltools.gnu-tools-for-stm32.9-2020-q2-update.win32_2.0.0.202105311346/tools/bin/../lib/gcc/arm-none-eabi/9.3.1/../../../../arm-none-eabi/lib/thumb/v7-m/nofp\libc_nano.a(lib_a-sbrkr.o)
 .debug_frame   0x0000000000001888       0x30 d:/st/stm32cubeide_1.6.1/stm32cubeide/plugins/com.st.stm32cube.ide.mcu.externaltools.gnu-tools-for-stm32.9-2020-q2-update.win32_2.0.0.202105311346/tools/bin/../lib/gcc/arm-none-eabi/9.3.1/../../../../arm-none-eabi/lib/thumb/v7-m/nofp\libc_nano.a(lib_a-mlock.o)
 .debug_frame   0x00000000000018b8       0x20 d:/st/stm32cubeide_1.6.1/stm32cubeide/plugins/com.st.stm32cube.ide.mcu.externaltools.gnu-tools-for-stm32.9-2020-q2-update.win32_2.0.0.202105311346/tools/bin/../lib/gcc/arm-none-eabi/9.3.1/../../../../arm-none-eabi/lib/thumb/v7-m/nofp\libc_nano.a(lib_a-nano-msizer.o)
 .debug_frame   0x00000000000018d8       0x5c d:/st/stm32cubeide_1.6.1/stm32cubeide/plugins/com.st.stm32cube.ide.mcu.externaltools.gnu-tools-for-stm32.9-2020-q2-update.win32_2.0.0.202105311346/tools/bin/../lib/gcc/arm-none-eabi/9.3.1/../../../../arm-none-eabi/lib/thumb/v7-m/nofp\libc_nano.a(lib_a-reent.o)
 .debug_frame   0x0000000000001934       0xb0 d:/st/stm32cubeide_1.6.1/stm32cubeide/plugins/com.st.stm32cube.ide.mcu.externaltools.gnu-tools-for-stm32.9-2020-q2-update.win32_2.0.0.202105311346/tools/bin/../lib/gcc/arm-none-eabi/9.3.1/../../../../arm-none-eabi/lib/thumb/v7-m/nofp\libc_nano.a(lib_a-lock.o)
